Archive member included because of file (symbol)

/home/bingo/RD_A12/release_rtos/output/lib/libcomsvc_sys.a(AmbaExceptionHandler.o)
                              (--whole-archive)
/home/bingo/RD_A12/release_rtos/output/lib/libcomsvc_sys.a(AmbaFwLoader.o)
                              (--whole-archive)
/home/bingo/RD_A12/release_rtos/output/lib/libcomsvc_sys.a(AmbaMemcpy_16to32.o)
                              (--whole-archive)
/home/bingo/RD_A12/release_rtos/output/lib/libcomsvc_sys.a(AmbaMemcpy_32to16.o)
                              (--whole-archive)
/home/bingo/RD_A12/release_rtos/output/lib/libcomsvc_sys.a(AmbaMemcpy_32to32.o)
                              (--whole-archive)
/home/bingo/RD_A12/release_rtos/output/lib/libcomsvc_sys.a(AmbaMemcpy_32to8.o)
                              (--whole-archive)
/home/bingo/RD_A12/release_rtos/output/lib/libcomsvc_sys.a(AmbaMemcpy_8to32.o)
                              (--whole-archive)
/home/bingo/RD_A12/release_rtos/output/lib/libcomsvc_sys.a(AmbaPrintk.o)
                              (--whole-archive)
/home/bingo/RD_A12/release_rtos/output/lib/libcomsvc_sys.a(AmbaRootTask.o)
                              (--whole-archive)
/home/bingo/RD_A12/release_rtos/output/lib/libcomsvc_sys.a(AmbaUnZIP.o)
                              (--whole-archive)
/home/bingo/RD_A12/release_rtos/output/lib/libcomsvc_sys.a(AmbaUtility.o)
                              (--whole-archive)
/home/bingo/RD_A12/release_rtos/output/lib/libcomsvc_sys.a(decompress.o)
                              (--whole-archive)
/home/bingo/RD_A12/release_rtos/output/lib/libcomsvc_sys.a(AmbaCtorDtor.o)
                              (--whole-archive)
/home/bingo/RD_A12/release_rtos/output/lib/libcomsvc_sys.a(AmbaVer.o)
                              (--whole-archive)
/home/bingo/RD_A12/release_rtos/vendors/ambarella/lib/libsoc_bld.a(AmbaBootloaderNAND.o)
                              (--whole-archive)
/home/bingo/RD_A12/release_rtos/vendors/ambarella/lib/libsoc_bld.a(AmbaMmuBldCtrl.o)
                              (--whole-archive)
/home/bingo/RD_A12/release_rtos/vendors/ambarella/lib/libsoc_bld.a(AmbaVer.o)
                              (--whole-archive)
/home/bingo/RD_A12/release_rtos/vendors/ambarella/lib/libsoc_non_os.a(AmbaCSL_DMA.o)
                              (--whole-archive)
/home/bingo/RD_A12/release_rtos/vendors/ambarella/lib/libsoc_non_os.a(AmbaCSL_DRAMC.o)
                              (--whole-archive)
/home/bingo/RD_A12/release_rtos/vendors/ambarella/lib/libsoc_non_os.a(AmbaCSL_FIO.o)
                              (--whole-archive)
/home/bingo/RD_A12/release_rtos/vendors/ambarella/lib/libsoc_non_os.a(AmbaCSL_GPIO.o)
                              (--whole-archive)
/home/bingo/RD_A12/release_rtos/vendors/ambarella/lib/libsoc_non_os.a(AmbaCSL_I2S.o)
                              (--whole-archive)
/home/bingo/RD_A12/release_rtos/vendors/ambarella/lib/libsoc_non_os.a(AmbaCSL_L2CC.o)
                              (--whole-archive)
/home/bingo/RD_A12/release_rtos/vendors/ambarella/lib/libsoc_non_os.a(AmbaCSL_NAND.o)
                              (--whole-archive)
/home/bingo/RD_A12/release_rtos/vendors/ambarella/lib/libsoc_non_os.a(AmbaCSL_PLL.o)
                              (--whole-archive)
/home/bingo/RD_A12/release_rtos/vendors/ambarella/lib/libsoc_non_os.a(AmbaCSL_NOR.o)
                              (--whole-archive)
/home/bingo/RD_A12/release_rtos/vendors/ambarella/lib/libsoc_non_os.a(AmbaCSL_PWC.o)
                              (--whole-archive)
/home/bingo/RD_A12/release_rtos/vendors/ambarella/lib/libsoc_non_os.a(AmbaCSL_RCT.o)
                              (--whole-archive)
/home/bingo/RD_A12/release_rtos/vendors/ambarella/lib/libsoc_non_os.a(AmbaCSL_RTC.o)
                              (--whole-archive)
/home/bingo/RD_A12/release_rtos/vendors/ambarella/lib/libsoc_non_os.a(AmbaCSL_SD.o)
                              (--whole-archive)
/home/bingo/RD_A12/release_rtos/vendors/ambarella/lib/libsoc_non_os.a(AmbaCSL_Timer.o)
                              (--whole-archive)
/home/bingo/RD_A12/release_rtos/vendors/ambarella/lib/libsoc_non_os.a(AmbaCSL_UART.o)
                              (--whole-archive)
/home/bingo/RD_A12/release_rtos/vendors/ambarella/lib/libsoc_non_os.a(AmbaCSL_VIC.o)
                              (--whole-archive)
/home/bingo/RD_A12/release_rtos/vendors/ambarella/lib/libsoc_non_os.a(AmbaRTSL_DMA.o)
                              (--whole-archive)
/home/bingo/RD_A12/release_rtos/vendors/ambarella/lib/libsoc_non_os.a(AmbaRTSL_DRAMC.o)
                              (--whole-archive)
/home/bingo/RD_A12/release_rtos/vendors/ambarella/lib/libsoc_non_os.a(AmbaRTSL_FIO.o)
                              (--whole-archive)
/home/bingo/RD_A12/release_rtos/vendors/ambarella/lib/libsoc_non_os.a(AmbaRTSL_GPIO.o)
                              (--whole-archive)
/home/bingo/RD_A12/release_rtos/vendors/ambarella/lib/libsoc_non_os.a(AmbaRTSL_I2S.o)
                              (--whole-archive)
[...]
Memory Configuration

Name             Origin             Length             Attributes
*default*        0x00000000         0xffffffff

Linker script and memory map

                0x10000000                . = 0x10000000

.text           0x10000000    0x10de4
 *AmbaBootlooder.o(.text)
 .text          0x10000000      0x22c /home/bingo/RD_A12/release_rtos/vendors/ambarella/lib/libsoc_non_os.a(AmbaBootlooder.o)
                0x10000000                __vector
                0x10000060                __AmbaProgramStart
                0x1000019c                stop
 *(.text*)
 .text          0x1000022c       0x7c /home/bingo/RD_A12/release_rtos/output/lib/libcomsvc_sys.a(AmbaMemcpy_16to32.o)
                0x1000022c                AmbaMemcpy_16to32
 .text          0x100002a8       0x7c /home/bingo/RD_A12/release_rtos/output/lib/libcomsvc_sys.a(AmbaMemcpy_32to16.o)
                0x100002a8                AmbaMemcpy_32to16
 .text          0x10000324       0x20 /home/bingo/RD_A12/release_rtos/output/lib/libcomsvc_sys.a(AmbaMemcpy_32to32.o)
                0x10000324                AmbaMemcpy_32to32
 .text          0x10000344       0xfc /home/bingo/RD_A12/release_rtos/output/lib/libcomsvc_sys.a(AmbaMemcpy_32to8.o)
                0x10000344                AmbaMemcpy_32to8
 .text          0x10000440      0x13c /home/bingo/RD_A12/release_rtos/output/lib/libcomsvc_sys.a(AmbaMemcpy_8to32.o)
                0x10000440                AmbaMemcpy_8to32
 .text.NandGetOffsetAddr
                0x1000057c       0x78 /home/bingo/RD_A12/release_rtos/vendors/ambarella/lib/libsoc_bld.a(AmbaBootloaderNAND.o)
 .text.NandRead
                0x100005f4      0x1b4 /home/bingo/RD_A12/release_rtos/vendors/ambarella/lib/libsoc_bld.a(AmbaBootloaderNAND.o)
 .text.PartitionLoad
                0x100007a8      0x2c8 /home/bingo/RD_A12/release_rtos/vendors/ambarella/lib/libsoc_bld.a(AmbaBootloaderNAND.o)
 .text.Bootloader_NAND
                0x10000a70      0x180 /home/bingo/RD_A12/release_rtos/vendors/ambarella/lib/libsoc_bld.a(AmbaBootloaderNAND.o)
 .text.Boot     0x10000bf0       0xdc /home/bingo/RD_A12/release_rtos/vendors/ambarella/lib/libsoc_bld.a(AmbaBootloaderNAND.o)
                0x10000bf0                Boot
 .text.startup.main
                0x10000ccc      0x188 /home/bingo/RD_A12/release_rtos/vendors/ambarella/lib/libsoc_bld.a(AmbaBootloaderNAND.o)
                0x10000ccc                main
 .text.AmbaCSL_FDmaGetFiFoBase
                0x10000e54        0x8 /home/bingo/RD_A12/release_rtos/vendors/ambarella/lib/libsoc_non_os.a(AmbaCSL_DMA.o)
                0x10000e54                AmbaCSL_FDmaGetFiFoBase
 .text.AmbaCSL_FDmaDescReqDsm
                0x10000e5c       0x28 /home/bingo/RD_A12/release_rtos/vendors/ambarella/lib/libsoc_non_os.a(AmbaCSL_DMA.o)
                0x10000e5c                AmbaCSL_FDmaDescReqDsm
 .text.AmbaCSL_FioDmaParseStatus
                0x10000e84       0x24 /home/bingo/RD_A12/release_rtos/vendors/ambarella/lib/libsoc_non_os.a(AmbaCSL_FIO.o)
                0x10000e84                AmbaCSL_FioDmaParseStatus
 .text.AmbaCSL_FioParseEccRpt
                0x10000ea8       0x14 /home/bingo/RD_A12/release_rtos/vendors/ambarella/lib/libsoc_non_os.a(AmbaCSL_FIO.o)
                0x10000ea8                AmbaCSL_FioParseEccRpt
 .text.AmbaCSL_FioDmaSetup
                0x10000ebc       0x4c /home/bingo/RD_A12/release_rtos/vendors/ambarella/lib/libsoc_non_os.a(AmbaCSL_FIO.o)
                0x10000ebc                AmbaCSL_FioDmaSetup
 .text.AmbaCSL_FioDmaDsmSetup
                0x10000f08       0x58 /home/bingo/RD_A12/release_rtos/vendors/ambarella/lib/libsoc_non_os.a(AmbaCSL_FIO.o)
                0x10000f08                AmbaCSL_FioDmaDsmSetup
 .text.AmbaCSL_GpioEnableAltFunc
                0x10000f60       0x8c /home/bingo/RD_A12/release_rtos/vendors/ambarella/lib/libsoc_non_os.a(AmbaCSL_GPIO.o)
                0x10000f60                AmbaCSL_GpioEnableAltFunc
 .text.AmbaCSL_GpioSetPinGrpFunc
                0x10000fec       0x58 /home/bingo/RD_A12/release_rtos/vendors/ambarella/lib/libsoc_non_os.a(AmbaCSL_GPIO.o)
                0x10000fec                AmbaCSL_GpioSetPinGrpFunc
 .text.AmbaCSL_I2sEnableFdma
                0x10001044       0x1c /home/bingo/RD_A12/release_rtos/vendors/ambarella/lib/libsoc_non_os.a(AmbaCSL_I2S.o)
                0x10001044                AmbaCSL_I2sEnableFdma
 .text.AmbaCSL_NandEnableBch
                0x10001060       0xa8 /home/bingo/RD_A12/release_rtos/vendors/ambarella/lib/libsoc_non_os.a(AmbaCSL_NAND.o)
                0x10001060                AmbaCSL_NandEnableBch
 .text.AmbaCSL_NandDisableBch
                0x10001108       0x2c /home/bingo/RD_A12/release_rtos/vendors/ambarella/lib/libsoc_non_os.a(AmbaCSL_NAND.o)
                0x10001108                AmbaCSL_NandDisableBch
 .text.AmbaCSL_NandWaitInt
                0x10001134       0x28 /home/bingo/RD_A12/release_rtos/vendors/ambarella/lib/libsoc_non_os.a(AmbaCSL_NAND.o)
                0x10001134                AmbaCSL_NandWaitInt
 .text.AmbaCSL_NandReset
                0x1000115c       0x2c /home/bingo/RD_A12/release_rtos/vendors/ambarella/lib/libsoc_non_os.a(AmbaCSL_NAND.o)
                0x1000115c                AmbaCSL_NandReset
 .text.AmbaCSL_NandReadID4Cmd
                0x10001188       0x2c /home/bingo/RD_A12/release_rtos/vendors/ambarella/lib/libsoc_non_os.a(AmbaCSL_NAND.o)
                0x10001188                AmbaCSL_NandReadID4Cmd
 .text.AmbaCSL_NandReadID4Result
                0x100011b4       0x14 /home/bingo/RD_A12/release_rtos/vendors/ambarella/lib/libsoc_non_os.a(AmbaCSL_NAND.o)
                0x100011b4                AmbaCSL_NandReadID4Result
 .text.AmbaCSL_NandReadID5Cmd
                0x100011c8       0x38 /home/bingo/RD_A12/release_rtos/vendors/ambarella/lib/libsoc_non_os.a(AmbaCSL_NAND.o)
                0x100011c8                AmbaCSL_NandReadID5Cmd
 .text.AmbaCSL_NandReadStatusResult
                0x10001200       0x20 /home/bingo/RD_A12/release_rtos/vendors/ambarella/lib/libsoc_non_os.a(AmbaCSL_NAND.o)
                0x10001200                AmbaCSL_NandReadStatusResult
 .text.AmbaCSL_NandErase
                0x10001220       0x6c /home/bingo/RD_A12/release_rtos/vendors/ambarella/lib/libsoc_non_os.a(AmbaCSL_NAND.o)
                0x10001220                AmbaCSL_NandErase
 .text.AmbaCSL_NandReadNormal
                0x1000128c       0x98 /home/bingo/RD_A12/release_rtos/vendors/ambarella/lib/libsoc_non_os.a(AmbaCSL_NAND.o)
                0x1000128c                AmbaCSL_NandReadNormal
 .text.AmbaCSL_NandReadDsm
                0x10001324       0x28 /home/bingo/RD_A12/release_rtos/vendors/ambarella/lib/libsoc_non_os.a(AmbaCSL_NAND.o)
                0x10001324                AmbaCSL_NandReadDsm
 .text.AmbaCSL_NandProgramNormal
                0x1000134c       0xa0 /home/bingo/RD_A12/release_rtos/vendors/ambarella/lib/libsoc_non_os.a(AmbaCSL_NAND.o)
                0x1000134c                AmbaCSL_NandProgramNormal
 .text.AmbaCSL_NandProgramDsm
                0x100013ec       0x2c /home/bingo/RD_A12/release_rtos/vendors/ambarella/lib/libsoc_non_os.a(AmbaCSL_NAND.o)
                0x100013ec                AmbaCSL_NandProgramDsm
 .text.AmbaCSL_NandSetTiming
                0x10001418       0x34 /home/bingo/RD_A12/release_rtos/vendors/ambarella/lib/libsoc_non_os.a(AmbaCSL_NAND.o)
                0x10001418                AmbaCSL_NandSetTiming
 .text.AmbaCSL_PllGetRegsVal
                0x1000144c       0xb4 /home/bingo/RD_A12/release_rtos/vendors/ambarella/lib/libsoc_non_os.a(AmbaCSL_PLL.o)
                0x1000144c                AmbaCSL_PllGetRegsVal
 .text.AmbaCSL_PllSetRegsVal
                0x10001500      0x3e8 /home/bingo/RD_A12/release_rtos/vendors/ambarella/lib/libsoc_non_os.a(AmbaCSL_PLL.o)
                0x10001500                AmbaCSL_PllSetRegsVal
 .text.AmbaCSL_PllPowerDown
                0x100018e8       0x28 /home/bingo/RD_A12/release_rtos/vendors/ambarella/lib/libsoc_non_os.a(AmbaCSL_PLL.o)
                0x100018e8                AmbaCSL_PllPowerDown
 .text.AmbaCSL_PllGetCtrlReg
                0x10001910       0x24 /home/bingo/RD_A12/release_rtos/vendors/ambarella/lib/libsoc_non_os.a(AmbaCSL_PLL.o)
                0x10001910                AmbaCSL_PllGetCtrlReg
 .text.AmbaCSL_PllSetCtrlReg
                0x10001934       0x20 /home/bingo/RD_A12/release_rtos/vendors/ambarella/lib/libsoc_non_os.a(AmbaCSL_PLL.o)
                0x10001934                AmbaCSL_PllSetCtrlReg
 .text.AmbaCSL_PllUpdateCtrlReg
                0x10001954       0x70 /home/bingo/RD_A12/release_rtos/vendors/ambarella/lib/libsoc_non_os.a(AmbaCSL_PLL.o)
                0x10001954                AmbaCSL_PllUpdateCtrlReg
 .text.AmbaCSL_PllGetPostScalerReg
                0x100019c4       0x30 /home/bingo/RD_A12/release_rtos/vendors/ambarella/lib/libsoc_non_os.a(AmbaCSL_PLL.o)
                0x100019c4                AmbaCSL_PllGetPostScalerReg
 .text.AmbaCSL_PwcSetDelayTime
                0x100019f4       0x20 /home/bingo/RD_A12/release_rtos/vendors/ambarella/lib/libsoc_non_os.a(AmbaCSL_PWC.o)
                0x100019f4                AmbaCSL_PwcSetDelayTime
 .text.AmbaCSL_RtcSetDelayTime
                0x10001a14       0x20 /home/bingo/RD_A12/release_rtos/vendors/ambarella/lib/libsoc_non_os.a(AmbaCSL_RTC.o)
                0x10001a14                AmbaCSL_RtcSetDelayTime
 .text.AmbaCSL_UartSetDivider
                0x10001a34       0x44 /home/bingo/RD_A12/release_rtos/vendors/ambarella/lib/libsoc_non_os.a(AmbaCSL_UART.o)
                0x10001a34                AmbaCSL_UartSetDivider
 .text.AmbaCSL_UartSetParity
                0x10001a78       0x58 /home/bingo/RD_A12/release_rtos/vendors/ambarella/lib/libsoc_non_os.a(AmbaCSL_UART.o)
                0x10001a78                AmbaCSL_UartSetParity
 .text.AmbaCSL_UartSetFlowCtrl
                0x10001ad0       0x64 /home/bingo/RD_A12/release_rtos/vendors/ambarella/lib/libsoc_non_os.a(AmbaCSL_UART.o)
                0x10001ad0                AmbaCSL_UartSetFlowCtrl
 .text.AmbaCSL_VicIntSetPriority
                0x10001b34       0x78 /home/bingo/RD_A12/release_rtos/vendors/ambarella/lib/libsoc_non_os.a(AmbaCSL_VIC.o)
                0x10001b34                AmbaCSL_VicIntSetPriority
 .text.AmbaCSL_VicIntConfig
                0x10001bac       0x8c /home/bingo/RD_A12/release_rtos/vendors/ambarella/lib/libsoc_non_os.a(AmbaCSL_VIC.o)
                0x10001bac                AmbaCSL_VicIntConfig
 .text.AmbaRTSL_FDmaWaitInt
                0x10001c38       0x44 /home/bingo/RD_A12/release_rtos/vendors/ambarella/lib/libsoc_non_os.a(AmbaRTSL_DMA.o)
                0x10001c38                AmbaRTSL_FDmaWaitInt
 .text.AmbaRTSL_FDmaParseStatus
                0x10001c7c       0x30 /home/bingo/RD_A12/release_rtos/vendors/ambarella/lib/libsoc_non_os.a(AmbaRTSL_DMA.o)
                0x10001c7c                AmbaRTSL_FDmaParseStatus
 .text.AmbaRTSL_FioIsRandomMode
                0x10001cac       0x18 /home/bingo/RD_A12/release_rtos/vendors/ambarella/lib/libsoc_non_os.a(AmbaRTSL_FIO.o)
                0x10001cac                AmbaRTSL_FioIsRandomMode
 .text.AmbaRTSL_FioExitRandomMode
                0x10001cc4       0x1c /home/bingo/RD_A12/release_rtos/vendors/ambarella/lib/libsoc_non_os.a(AmbaRTSL_FIO.o)
                0x10001cc4                AmbaRTSL_FioExitRandomMode
 .text.AmbaRTSL_FioGetBuf
                0x10001ce0        0xc /home/bingo/RD_A12/release_rtos/vendors/ambarella/lib/libsoc_non_os.a(AmbaRTSL_FIO.o)
                0x10001ce0                AmbaRTSL_FioGetBuf
 .text.AmbaRTSL_FioMemcpyFromAlign
                0x10001cec       0x54 /home/bingo/RD_A12/release_rtos/vendors/ambarella/lib/libsoc_non_os.a(AmbaRTSL_FIO.o)
                0x10001cec                AmbaRTSL_FioMemcpyFromAlign
 .text.AmbaRTSL_FioMemcpyToAlign
                0x10001d40       0x34 /home/bingo/RD_A12/release_rtos/vendors/ambarella/lib/libsoc_non_os.a(AmbaRTSL_FIO.o)
                0x10001d40                AmbaRTSL_FioMemcpyToAlign
 .text.AmbaRTSL_FioWaitCmdInt
                0x10001d74       0x28 /home/bingo/RD_A12/release_rtos/vendors/ambarella/lib/libsoc_non_os.a(AmbaRTSL_FIO.o)
                0x10001d74                AmbaRTSL_FioWaitCmdInt
 .text.AmbaRTSL_FioWaitDmaInt
                0x10001d9c       0x28 /home/bingo/RD_A12/release_rtos/vendors/ambarella/lib/libsoc_non_os.a(AmbaRTSL_FIO.o)
                0x10001d9c                AmbaRTSL_FioWaitDmaInt
 .text.AmbaRTSL_FioDmaSetupDev2Mem
                0x10001dc4       0x50 /home/bingo/RD_A12/release_rtos/vendors/ambarella/lib/libsoc_non_os.a(AmbaRTSL_FIO.o)
                0x10001dc4                AmbaRTSL_FioDmaSetupDev2Mem
 .text.AmbaRTSL_FioDmaSetupDev2MemDsm
                0x10001e14      0x188 /home/bingo/RD_A12/release_rtos/vendors/ambarella/lib/libsoc_non_os.a(AmbaRTSL_FIO.o)
                0x10001e14                AmbaRTSL_FioDmaSetupDev2MemDsm
 .text.AmbaRTSL_FioDmaSetupMem2Dev
                0x10001f9c       0x50 /home/bingo/RD_A12/release_rtos/vendors/ambarella/lib/libsoc_non_os.a(AmbaRTSL_FIO.o)
                0x10001f9c                AmbaRTSL_FioDmaSetupMem2Dev
 .text.AmbaRTSL_FioDmaSetupMem2DevDsm
                0x10001fec      0x1ac /home/bingo/RD_A12/release_rtos/vendors/ambarella/lib/libsoc_non_os.a(AmbaRTSL_FIO.o)
                0x10001fec                AmbaRTSL_FioDmaSetupMem2DevDsm
 .text.AmbaRTSL_FioDmaParseStatus
                0x10002198        0xc /home/bingo/RD_A12/release_rtos/vendors/ambarella/lib/libsoc_non_os.a(AmbaRTSL_FIO.o)
                0x10002198                AmbaRTSL_FioDmaParseStatus
 .text.AmbaRTSL_FioParseEccRpt
                0x100021a4       0xd8 /home/bingo/RD_A12/release_rtos/vendors/ambarella/lib/libsoc_non_os.a(AmbaRTSL_FIO.o)
                0x100021a4                AmbaRTSL_FioParseEccRpt
 .text.AmbaRTSL_FioResetAll
                0x1000227c       0x64 /home/bingo/RD_A12/release_rtos/vendors/ambarella/lib/libsoc_non_os.a(AmbaRTSL_FIO.o)
                0x1000227c                AmbaRTSL_FioResetAll
 .text.GPIO_IntHandler
                0x100022e0       0x84 /home/bingo/RD_A12/release_rtos/vendors/ambarella/lib/libsoc_non_os.a(AmbaRTSL_GPIO.o)
 .text.GPIO_Group0Isr
                0x10002364        0x8 /home/bingo/RD_A12/release_rtos/vendors/ambarella/lib/libsoc_non_os.a(AmbaRTSL_GPIO.o)
 .text.GPIO_Group1Isr
                0x1000236c        0x8 /home/bingo/RD_A12/release_rtos/vendors/ambarella/lib/libsoc_non_os.a(AmbaRTSL_GPIO.o)
 .text.GPIO_Group2Isr
                0x10002374        0x8 /home/bingo/RD_A12/release_rtos/vendors/ambarella/lib/libsoc_non_os.a(AmbaRTSL_GPIO.o)
 .text.GPIO_Group3Isr
                0x1000237c        0x8 /home/bingo/RD_A12/release_rtos/vendors/ambarella/lib/libsoc_non_os.a(AmbaRTSL_GPIO.o)
 .text.AmbaRTSL_GpioInit
                0x10002384      0x178 /home/bingo/RD_A12/release_rtos/vendors/ambarella/lib/libsoc_non_os.a(AmbaRTSL_GPIO.o)
                0x10002384                AmbaRTSL_GpioInit
 .text.AmbaRTSL_GpioConfigAltFunc
                0x100024fc       0x54 /home/bingo/RD_A12/release_rtos/vendors/ambarella/lib/libsoc_non_os.a(AmbaRTSL_GPIO.o)
                0x100024fc                AmbaRTSL_GpioConfigAltFunc
 .text.AmbaRTSL_I2sEnableFdma
                0x10002550       0x10 /home/bingo/RD_A12/release_rtos/vendors/ambarella/lib/libsoc_non_os.a(AmbaRTSL_I2S.o)
                0x10002550                AmbaRTSL_I2sEnableFdma
 .text.MMU_TlbSetupL1Section
                0x10002560       0xdc /home/bingo/RD_A12/release_rtos/vendors/ambarella/lib/libsoc_non_os.a(AmbaRTSL_MMU.o)
                0x10002560                MMU_TlbSetupL1Section
 .text.AmbaRTSL_MmuVirtToPhys
                0x1000263c       0xb0 /home/bingo/RD_A12/release_rtos/vendors/ambarella/lib/libsoc_non_os.a(AmbaRTSL_MMU.o)
                0x1000263c                AmbaRTSL_MmuVirtToPhys
 .text.AmbaRTSL_MmuPhysToVirt
                0x100026ec       0xac /home/bingo/RD_A12/release_rtos/vendors/ambarella/lib/libsoc_non_os.a(AmbaRTSL_MMU.o)
                0x100026ec                AmbaRTSL_MmuPhysToVirt
 .text.MMU_TlbSetupL2SmallPage
                0x10002798      0x314 /home/bingo/RD_A12/release_rtos/vendors/ambarella/lib/libsoc_non_os.a(AmbaRTSL_MMU.o)
                0x10002798                MMU_TlbSetupL2SmallPage
 .text.AmbaRTSL_MmuTlbSetup
                0x10002aac       0x28 /home/bingo/RD_A12/release_rtos/vendors/ambarella/lib/libsoc_non_os.a(AmbaRTSL_MMU.o)
                0x10002aac                AmbaRTSL_MmuTlbSetup
 .text.AmbaRTSL_MmuEnable
                0x10002ad4       0xc0 /home/bingo/RD_A12/release_rtos/vendors/ambarella/lib/libsoc_non_os.a(AmbaRTSL_MMU.o)
                0x10002ad4                AmbaRTSL_MmuEnable
 .text.AmbaRTSL_MmuInit
                0x10002b94      0x15c /home/bingo/RD_A12/release_rtos/vendors/ambarella/lib/libsoc_non_os.a(AmbaRTSL_MMU.o)
                0x10002b94                AmbaRTSL_MmuInit
 .text.AmbaRTSL_NandCalFWPartInfo
                0x10002cf0       0xbc /home/bingo/RD_A12/release_rtos/vendors/ambarella/lib/libsoc_non_os.a(AmbaRTSL_NAND.o)
                0x10002cf0                AmbaRTSL_NandCalFWPartInfo
 .text.AmbaRTSL_NandWaitInt
                0x10002dac        0x4 /home/bingo/RD_A12/release_rtos/vendors/ambarella/lib/libsoc_non_os.a(AmbaRTSL_NAND.o)
                0x10002dac                AmbaRTSL_NandWaitInt
 .text.AmbaRTSL_NandGetHost
                0x10002db0        0xc /home/bingo/RD_A12/release_rtos/vendors/ambarella/lib/libsoc_non_os.a(AmbaRTSL_NAND.o)
                0x10002db0                AmbaRTSL_NandGetHost
 .text.AmbaRTSL_NandGetDev
                0x10002dbc        0xc /home/bingo/RD_A12/release_rtos/vendors/ambarella/lib/libsoc_non_os.a(AmbaRTSL_NAND.o)
                0x10002dbc                AmbaRTSL_NandGetDev
 .text.AmbaRTSL_NandReset
                0x10002dc8        0x4 /home/bingo/RD_A12/release_rtos/vendors/ambarella/lib/libsoc_non_os.a(AmbaRTSL_NAND.o)
                0x10002dc8                AmbaRTSL_NandReset
 .text.AmbaRTSL_NandReadIDCmd
                0x10002dcc       0x20 /home/bingo/RD_A12/release_rtos/vendors/ambarella/lib/libsoc_non_os.a(AmbaRTSL_NAND.o)
                0x10002dcc                AmbaRTSL_NandReadIDCmd
 .text.AmbaRTSL_NandReadIDResult
                0x10002dec       0x14 /home/bingo/RD_A12/release_rtos/vendors/ambarella/lib/libsoc_non_os.a(AmbaRTSL_NAND.o)
                0x10002dec                AmbaRTSL_NandReadIDResult
 .text.AmbaRTSL_NandReadStatusResult
                0x10002e00        0x4 /home/bingo/RD_A12/release_rtos/vendors/ambarella/lib/libsoc_non_os.a(AmbaRTSL_NAND.o)
                0x10002e00                AmbaRTSL_NandReadStatusResult
 .text.AmbaRTSL_NandErase
                0x10002e04       0x14 /home/bingo/RD_A12/release_rtos/vendors/ambarella/lib/libsoc_non_os.a(AmbaRTSL_NAND.o)
                0x10002e04                AmbaRTSL_NandErase
 .text.AmbaRTSL_NandRead
                0x10002e18      0x148 /home/bingo/RD_A12/release_rtos/vendors/ambarella/lib/libsoc_non_os.a(AmbaRTSL_NAND.o)
                0x10002e18                AmbaRTSL_NandRead
 .text.AmbaRTSL_NandProgram
                0x10002f60      0x148 /home/bingo/RD_A12/release_rtos/vendors/ambarella/lib/libsoc_non_os.a(AmbaRTSL_NAND.o)
                0x10002f60                AmbaRTSL_NandProgram
 .text.AmbaRTSL_NandSetTiming
                0x100030a8       0x3c /home/bingo/RD_A12/release_rtos/vendors/ambarella/lib/libsoc_non_os.a(AmbaRTSL_NAND.o)
                0x100030a8                AmbaRTSL_NandSetTiming
 .text.NandConfigTiming
                0x100030e4      0x720 /home/bingo/RD_A12/release_rtos/vendors/ambarella/lib/libsoc_non_os.a(AmbaRTSL_NAND.o)
 .text.AmbaRTSL_NandDBDevConfig
                0x10003804      0x16c /home/bingo/RD_A12/release_rtos/vendors/ambarella/lib/libsoc_non_os.a(AmbaRTSL_NAND.o)
                0x10003804                AmbaRTSL_NandDBDevConfig
 .text.AmbaRTSL_NandSetDevInfo
                0x10003970       0x18 /home/bingo/RD_A12/release_rtos/vendors/ambarella/lib/libsoc_non_os.a(AmbaRTSL_NAND.o)
                0x10003970                AmbaRTSL_NandSetDevInfo
 .text.AmbaRTSL_NandGetRsvBlks
                0x10003988       0x84 /home/bingo/RD_A12/release_rtos/vendors/ambarella/lib/libsoc_non_os.a(AmbaRTSL_NAND.o)
                0x10003988                AmbaRTSL_NandGetRsvBlks
 .text.AmbaRTSL_NandInit
                0x10003a0c       0x88 /home/bingo/RD_A12/release_rtos/vendors/ambarella/lib/libsoc_non_os.a(AmbaRTSL_NAND.o)
                0x10003a0c                AmbaRTSL_NandInit
 .text.AmbaRTSL_PllSetClkRef
                0x10003a94       0x54 /home/bingo/RD_A12/release_rtos/vendors/ambarella/lib/libsoc_non_os.a(AmbaRTSL_PLL.o)
                0x10003a94                AmbaRTSL_PllSetClkRef
 .text.AmbaRTSL_PllInit
                0x10003ae8       0xb4 /home/bingo/RD_A12/release_rtos/vendors/ambarella/lib/libsoc_non_os.a(AmbaRTSL_PLL.o)
                0x10003ae8                AmbaRTSL_PllInit
 *fill*         0x10003b9c        0x4 
 .text.PLL_GetPllFreq
                0x10003ba0      0x120 /home/bingo/RD_A12/release_rtos/vendors/ambarella/lib/libsoc_non_os.a(AmbaRTSL_PLL.o)
                0x10003ba0                PLL_GetPllFreq
 .text.PLL_GetVoutTvClkFreq
                0x10003cc0       0x50 /home/bingo/RD_A12/release_rtos/vendors/ambarella/lib/libsoc_non_os.a(AmbaRTSL_PLL.o)
                0x10003cc0                PLL_GetVoutTvClkFreq
 .text.PLL_GetVoutLcdClkFreq
                0x10003d10       0x70 /home/bingo/RD_A12/release_rtos/vendors/ambarella/lib/libsoc_non_os.a(AmbaRTSL_PLL.o)
                0x10003d10                PLL_GetVoutLcdClkFreq
 .text.PLL_GetSdClkFreq
                0x10003d80       0x1c /home/bingo/RD_A12/release_rtos/vendors/ambarella/lib/libsoc_non_os.a(AmbaRTSL_PLL.o)
                0x10003d80                PLL_GetSdClkFreq
 .text.PLL_GetHdmiClkFreq
                0x10003d9c       0x34 /home/bingo/RD_A12/release_rtos/vendors/ambarella/lib/libsoc_non_os.a(AmbaRTSL_PLL.o)
                0x10003d9c                PLL_GetHdmiClkFreq
 .text.PLL_GetAudioClkFreq
                0x10003dd0       0x64 /home/bingo/RD_A12/release_rtos/vendors/ambarella/lib/libsoc_non_os.a(AmbaRTSL_PLL.o)
                0x10003dd0                PLL_GetAudioClkFreq
 .text.PLL_GetEnetClkFreq
                0x10003e34       0x1c /home/bingo/RD_A12/release_rtos/vendors/ambarella/lib/libsoc_non_os.a(AmbaRTSL_PLL.o)
                0x10003e34                PLL_GetEnetClkFreq
 .text.PLL_GetSensorClkFreq
                0x10003e50       0x1c /home/bingo/RD_A12/release_rtos/vendors/ambarella/lib/libsoc_non_os.a(AmbaRTSL_PLL.o)
                0x10003e50                PLL_GetSensorClkFreq
 .text.PLL_GetIdspClkFreq
                0x10003e6c       0x1c /home/bingo/RD_A12/release_rtos/vendors/ambarella/lib/libsoc_non_os.a(AmbaRTSL_PLL.o)
                0x10003e6c                PLL_GetIdspClkFreq
 .text.PLL_GetDdrioClkFreq
                0x10003e88       0x1c /home/bingo/RD_A12/release_rtos/vendors/ambarella/lib/libsoc_non_os.a(AmbaRTSL_PLL.o)
                0x10003e88                PLL_GetDdrioClkFreq
 .text.PLL_GetCoreClkFreq
                0x10003ea4       0x1c /home/bingo/RD_A12/release_rtos/vendors/ambarella/lib/libsoc_non_os.a(AmbaRTSL_PLL.o)
                0x10003ea4                PLL_GetCoreClkFreq
 .text.PLL_GetCortexClkFreq
                0x10003ec0       0x2c /home/bingo/RD_A12/release_rtos/vendors/ambarella/lib/libsoc_non_os.a(AmbaRTSL_PLL.o)
                0x10003ec0                PLL_GetCortexClkFreq
 .text.AmbaRTSL_PllGetAhbClk
                0x10003eec       0x14 /home/bingo/RD_A12/release_rtos/vendors/ambarella/lib/libsoc_non_os.a(AmbaRTSL_PLL.o)
                0x10003eec                AmbaRTSL_PllGetAhbClk
 .text.AmbaRTSL_PllGetApbClk
                0x10003f00       0x14 /home/bingo/RD_A12/release_rtos/vendors/ambarella/lib/libsoc_non_os.a(AmbaRTSL_PLL.o)
                0x10003f00                AmbaRTSL_PllGetApbClk
 .text.PLL_GetUartRefFreq
                0x10003f14       0x68 /home/bingo/RD_A12/release_rtos/vendors/ambarella/lib/libsoc_non_os.a(AmbaRTSL_PLL.o)
                0x10003f14                PLL_GetUartRefFreq
 .text.AmbaRTSL_PllGetUartClk
                0x10003f7c       0x24 /home/bingo/RD_A12/release_rtos/vendors/ambarella/lib/libsoc_non_os.a(AmbaRTSL_PLL.o)
                0x10003f7c                AmbaRTSL_PllGetUartClk
 .text.AmbaRTSL_PllGetAxiClk
                0x10003fa0       0x20 /home/bingo/RD_A12/release_rtos/vendors/ambarella/lib/libsoc_non_os.a(AmbaRTSL_PLL.o)
                0x10003fa0                AmbaRTSL_PllGetAxiClk
 .text.AmbaRTSL_PllGetDdrClk
                0x10003fc0       0x14 /home/bingo/RD_A12/release_rtos/vendors/ambarella/lib/libsoc_non_os.a(AmbaRTSL_PLL.o)
                0x10003fc0                AmbaRTSL_PllGetDdrClk
 .text.AmbaRTSL_CalculatePllCoeff
                0x10003fd4       0xa0 /home/bingo/RD_A12/release_rtos/vendors/ambarella/lib/libsoc_non_os.a(AmbaRTSL_PLL_CoeffTable.o)
                0x10003fd4                AmbaRTSL_CalculatePllCoeff
 .text.AmbaRTSL_CalculateHdmiPllCoeff
                0x10004074       0xc8 /home/bingo/RD_A12/release_rtos/vendors/ambarella/lib/libsoc_non_os.a(AmbaRTSL_PLL_CoeffTable.o)
                0x10004074                AmbaRTSL_CalculateHdmiPllCoeff
 .text.PLL_AdjPllFreq
                0x1000413c      0x37c /home/bingo/RD_A12/release_rtos/vendors/ambarella/lib/libsoc_non_os.a(AmbaRTSL_PLL_OpModeCtrl.o)
 .text.AmbaRTSL_PllSetOpMode
                0x100044b8       0xa8 /home/bingo/RD_A12/release_rtos/vendors/ambarella/lib/libsoc_non_os.a(AmbaRTSL_PLL_OpModeCtrl.o)
                0x100044b8                AmbaRTSL_PllSetOpMode
 .text.AmbaRTSL_PllSetFreq
                0x10004560      0x2a8 /home/bingo/RD_A12/release_rtos/vendors/ambarella/lib/libsoc_non_os.a(AmbaRTSL_PLL_SetClkFreq.o)
                0x10004560                AmbaRTSL_PllSetFreq
 .text.AmbaRTSL_PllSetIdspClk
                0x10004808       0x2c /home/bingo/RD_A12/release_rtos/vendors/ambarella/lib/libsoc_non_os.a(AmbaRTSL_PLL_SetClkFreq.o)
                0x10004808                AmbaRTSL_PllSetIdspClk
 .text.AmbaRTSL_PllSetCortexClk
                0x10004834       0x2c /home/bingo/RD_A12/release_rtos/vendors/ambarella/lib/libsoc_non_os.a(AmbaRTSL_PLL_SetClkFreq.o)
                0x10004834                AmbaRTSL_PllSetCortexClk
 .text.AmbaRTSL_VicIntEnable
                0x10004860       0x3c /home/bingo/RD_A12/release_rtos/vendors/ambarella/lib/libsoc_non_os.a(AmbaRTSL_VIC.o)
                0x10004860                AmbaRTSL_VicIntEnable
 .text.AmbaRTSL_VicIsrHook
                0x1000489c       0x64 /home/bingo/RD_A12/release_rtos/vendors/ambarella/lib/libsoc_non_os.a(AmbaRTSL_VIC.o)
                0x1000489c                AmbaRTSL_VicIsrHook
 .text.AmbaRTSL_CacheFlushEntireL1DataCache
                0x10004900       0x34 /home/bingo/RD_A12/release_rtos/vendors/ambarella/lib/libsoc_non_os.a(AmbaRTSL_Cache.o)
                0x10004900                AmbaRTSL_CacheFlushEntireL1DataCache
 .text.AmbaRTSL_CacheInvalidateEntireL1DataCache
                0x10004934       0x34 /home/bingo/RD_A12/release_rtos/vendors/ambarella/lib/libsoc_non_os.a(AmbaRTSL_Cache.o)
                0x10004934                AmbaRTSL_CacheInvalidateEntireL1DataCache
 .text.AmbaRTSL_CacheFlushEntireDataCache
                0x10004968       0xf0 /home/bingo/RD_A12/release_rtos/vendors/ambarella/lib/libsoc_non_os.a(AmbaRTSL_Cache.o)
                0x10004968                AmbaRTSL_CacheFlushEntireDataCache
 .text.AmbaRTSL_CacheInvalidateDataCacheRange
                0x10004a58      0x140 /home/bingo/RD_A12/release_rtos/vendors/ambarella/lib/libsoc_non_os.a(AmbaRTSL_Cache.o)
                0x10004a58                AmbaRTSL_CacheInvalidateDataCacheRange
 .text.AmbaRTSL_CacheCleanDataCacheRange
                0x10004b98      0x140 /home/bingo/RD_A12/release_rtos/vendors/ambarella/lib/libsoc_non_os.a(AmbaRTSL_Cache.o)
                0x10004b98                AmbaRTSL_CacheCleanDataCacheRange
 .text.AmbaRTSL_CacheFlushDataCacheRange
                0x10004cd8      0x170 /home/bingo/RD_A12/release_rtos/vendors/ambarella/lib/libsoc_non_os.a(AmbaRTSL_Cache.o)
                0x10004cd8                AmbaRTSL_CacheFlushDataCacheRange
 .text.AmbaRTSL_CacheEnableL2CC
                0x10004e48       0xa8 /home/bingo/RD_A12/release_rtos/vendors/ambarella/lib/libsoc_non_os.a(AmbaRTSL_Cache.o)
                0x10004e48                AmbaRTSL_CacheEnableL2CC
 .text.unlikely.NandCheckBlockAlloc.constprop.0
                0x10004ef0       0x40 /home/bingo/RD_A12/release_rtos/vendors/ambarella/lib/libsoc_non_os.a(AmbaNonOS_NAND.o)
 .text.AmbaNonOS_NandOutputBadBlock
                0x10004f30       0x44 /home/bingo/RD_A12/release_rtos/vendors/ambarella/lib/libsoc_non_os.a(AmbaNonOS_NAND.o)
                0x10004f30                AmbaNonOS_NandOutputBadBlock
 .text.AmbaNonOS_NandProgram
                0x10004f74      0x20c /home/bingo/RD_A12/release_rtos/vendors/ambarella/lib/libsoc_non_os.a(AmbaNonOS_NAND.o)
                0x10004f74                AmbaNonOS_NandProgram
 .text.NandMarkBlock
                0x10005180      0x114 /home/bingo/RD_A12/release_rtos/vendors/ambarella/lib/libsoc_non_os.a(AmbaNonOS_NAND.o)
                0x10005180                NandMarkBlock
 .text.AmbaNonOS_NandRead
                0x10005294      0x280 /home/bingo/RD_A12/release_rtos/vendors/ambarella/lib/libsoc_non_os.a(AmbaNonOS_NAND.o)
                0x10005294                AmbaNonOS_NandRead
 .text.AmbaNonOS_NandGetMeta
                0x10005514       0xd8 /home/bingo/RD_A12/release_rtos/vendors/ambarella/lib/libsoc_non_os.a(AmbaNonOS_NAND.o)
                0x10005514                AmbaNonOS_NandGetMeta
 .text.AmbaNonOS_NandGetPartTable
                0x100055ec       0xe0 /home/bingo/RD_A12/release_rtos/vendors/ambarella/lib/libsoc_non_os.a(AmbaNonOS_NAND.o)
                0x100055ec                AmbaNonOS_NandGetPartTable
 .text.AmbaNonOS_NandErase
                0x100056cc       0xa8 /home/bingo/RD_A12/release_rtos/vendors/ambarella/lib/libsoc_non_os.a(AmbaNonOS_NAND.o)
                0x100056cc                AmbaNonOS_NandErase
 .text.AmbaNonOS_NandProgBlock
                0x10005774      0x2dc /home/bingo/RD_A12/release_rtos/vendors/ambarella/lib/libsoc_non_os.a(AmbaNonOS_NAND.o)
                0x10005774                AmbaNonOS_NandProgBlock
 .text.AmbaNonOS_NandReadID
                0x10005a50       0x20 /home/bingo/RD_A12/release_rtos/vendors/ambarella/lib/libsoc_non_os.a(AmbaNonOS_NAND.o)
                0x10005a50                AmbaNonOS_NandReadID
 .text.AmbaNonOS_NandInit
                0x10005a70      0x4d0 /home/bingo/RD_A12/release_rtos/vendors/ambarella/lib/libsoc_non_os.a(AmbaNonOS_NAND.o)
                0x10005a70                AmbaNonOS_NandInit
 .text.AmbaNonOS_TimerInit
                0x10005f40       0x44 /home/bingo/RD_A12/release_rtos/vendors/ambarella/lib/libsoc_non_os.a(AmbaNonOS_TIMER.o)
                0x10005f40                AmbaNonOS_TimerInit
 .text.AmbaNonOS_UartInit
                0x10005f84       0x6c /home/bingo/RD_A12/release_rtos/vendors/ambarella/lib/libsoc_non_os.a(AmbaNonOS_UART.o)
                0x10005f84                AmbaNonOS_UartInit
 .text.AmbaNonOS_UartPutChar
                0x10005ff0       0x24 /home/bingo/RD_A12/release_rtos/vendors/ambarella/lib/libsoc_non_os.a(AmbaNonOS_UART.o)
                0x10005ff0                AmbaNonOS_UartPutChar
 .text.AmbaNonOS_UartGetChar
                0x10006014       0x28 /home/bingo/RD_A12/release_rtos/vendors/ambarella/lib/libsoc_non_os.a(AmbaNonOS_UART.o)
                0x10006014                AmbaNonOS_UartGetChar
 .text.uart_poll
                0x1000603c       0x14 /home/bingo/RD_A12/release_rtos/vendors/ambarella/lib/libsoc_non_os.a(AmbaNonOS_UART.o)
                0x1000603c                uart_poll
 .text.AmbaNonOS_UartWaitEscape
                0x10006050       0xac /home/bingo/RD_A12/release_rtos/vendors/ambarella/lib/libsoc_non_os.a(AmbaNonOS_UART.o)
                0x10006050                AmbaNonOS_UartWaitEscape
 .text.AmbaNonOS_UartPrintf
                0x100060fc      0x654 /home/bingo/RD_A12/release_rtos/vendors/ambarella/lib/libsoc_non_os.a(AmbaNonOS_UART.o)
                0x100060fc                AmbaNonOS_UartPrintf
 .text.NandBbtCheckBlock
                0x10006750       0xe4 /home/bingo/RD_A12/release_rtos/vendors/ambarella/lib/libsoc_non_os.a(AmbaNonOS_NandBBT.o)
 .text.AmbaNonOS_NandBbtIsBadBlock
                0x10006834       0x4c /home/bingo/RD_A12/release_rtos/vendors/ambarella/lib/libsoc_non_os.a(AmbaNonOS_NandBBT.o)
                0x10006834                AmbaNonOS_NandBbtIsBadBlock
 .text.NandBbtWrite
                0x10006880      0x2c4 /home/bingo/RD_A12/release_rtos/vendors/ambarella/lib/libsoc_non_os.a(AmbaNonOS_NandBBT.o)
 .text.AmbaNonOS_NandBbtUpdate
                0x10006b44       0xa4 /home/bingo/RD_A12/release_rtos/vendors/ambarella/lib/libsoc_non_os.a(AmbaNonOS_NandBBT.o)
                0x10006b44                AmbaNonOS_NandBbtUpdate
 .text.NandBbtCheckCreate.constprop.2
                0x10006be8      0x21c /home/bingo/RD_A12/release_rtos/vendors/ambarella/lib/libsoc_non_os.a(AmbaNonOS_NandBBT.o)
 .text.NandBbtSearch
                0x10006e04      0x144 /home/bingo/RD_A12/release_rtos/vendors/ambarella/lib/libsoc_non_os.a(AmbaNonOS_NandBBT.o)
 .text.AmbaNonOS_NandBbtExist
                0x10006f48       0x34 /home/bingo/RD_A12/release_rtos/vendors/ambarella/lib/libsoc_non_os.a(AmbaNonOS_NandBBT.o)
                0x10006f48                AmbaNonOS_NandBbtExist
 .text.AmbaNonOS_NandBbtErase
                0x10006f7c       0x8c /home/bingo/RD_A12/release_rtos/vendors/ambarella/lib/libsoc_non_os.a(AmbaNonOS_NandBBT.o)
                0x10006f7c                AmbaNonOS_NandBbtErase
 .text.AmbaNonOS_NandDiagVerify
                0x10007008      0x478 /home/bingo/RD_A12/release_rtos/vendors/ambarella/lib/libsoc_non_os.a(AmbaNonOS_NandDiag.o)
                0x10007008                AmbaNonOS_NandDiagVerify
 .text.AmbaNonOS_NandDiagShowBB
                0x10007480       0xc4 /home/bingo/RD_A12/release_rtos/vendors/ambarella/lib/libsoc_non_os.a(AmbaNonOS_NandDiag.o)
                0x10007480                AmbaNonOS_NandDiagShowBB
 .text.AmbaNonOS_DramVerifyPattern
                0x10007544        0x8 /home/bingo/RD_A12/release_rtos/output/lib/libamboot_bld.a(AmbaNonOS_Shell.o)
                0x10007544                AmbaNonOS_DramVerifyPattern
 .text.AmbaNonOS_DramVerify
                0x1000754c        0x8 /home/bingo/RD_A12/release_rtos/output/lib/libamboot_bld.a(AmbaNonOS_Shell.o)
                0x1000754c                AmbaNonOS_DramVerify
 .text.unlikely.AmbaNonOS_CmdHelp
                0x10007554      0x144 /home/bingo/RD_A12/release_rtos/output/lib/libamboot_bld.a(AmbaNonOS_Shell.o)
 .text.uart_getcmd
                0x10007698       0xa8 /home/bingo/RD_A12/release_rtos/output/lib/libamboot_bld.a(AmbaNonOS_Shell.o)
                0x10007698                uart_getcmd
 .text.AmbaNonOS_NandShowMeta
                0x10007740       0x84 /home/bingo/RD_A12/release_rtos/output/lib/libamboot_bld.a(AmbaNonOS_Shell.o)
                0x10007740                AmbaNonOS_NandShowMeta
 .text.AmbaNonOS_NandShowPtb
                0x100077c4       0xb0 /home/bingo/RD_A12/release_rtos/output/lib/libamboot_bld.a(AmbaNonOS_Shell.o)
                0x100077c4                AmbaNonOS_NandShowPtb
 .text.AmbaNonOS_NandEraseAll
                0x10007874       0xf4 /home/bingo/RD_A12/release_rtos/output/lib/libamboot_bld.a(AmbaNonOS_Shell.o)
                0x10007874                AmbaNonOS_NandEraseAll
 .text.AmbaNonOS_NandForceEraseAll
                0x10007968       0x70 /home/bingo/RD_A12/release_rtos/output/lib/libamboot_bld.a(AmbaNonOS_Shell.o)
                0x10007968                AmbaNonOS_NandForceEraseAll
 .text.AmbaNonOS_NandErasePartition
                0x100079d8      0x344 /home/bingo/RD_A12/release_rtos/output/lib/libamboot_bld.a(AmbaNonOS_Shell.o)
                0x100079d8                AmbaNonOS_NandErasePartition
 .text.parse_command
                0x10007d1c      0x374 /home/bingo/RD_A12/release_rtos/output/lib/libamboot_bld.a(AmbaNonOS_Shell.o)
                0x10007d1c                parse_command
 .text.AmbaNonOS_Shell
                0x10008090      0x134 /home/bingo/RD_A12/release_rtos/output/lib/libamboot_bld.a(AmbaNonOS_Shell.o)
                0x10008090                AmbaNonOS_Shell
 .text.atoi     0x100081c4        0x8 /usr/local/gcc-arm-none-eabi-4_9-2015q1/arm-none-eabi/lib/armv7-ar/thumb/fpu/libc.a(lib_a-atoi.o)
                0x100081c4                atoi
 .text.memcmp   0x100081cc       0x60 /usr/local/gcc-arm-none-eabi-4_9-2015q1/arm-none-eabi/lib/armv7-ar/thumb/fpu/libc.a(lib_a-memcmp.o)
                0x100081cc                memcmp
 .text.memcpy   0x1000822c       0xa8 /usr/local/gcc-arm-none-eabi-4_9-2015q1/arm-none-eabi/lib/armv7-ar/thumb/fpu/libc.a(lib_a-memcpy.o)
                0x1000822c                memcpy
 .text.memmove  0x100082d4       0xc8 /usr/local/gcc-arm-none-eabi-4_9-2015q1/arm-none-eabi/lib/armv7-ar/thumb/fpu/libc.a(lib_a-memmove.o)
                0x100082d4                memmove
 .text.memset   0x1000839c       0xa4 /usr/local/gcc-arm-none-eabi-4_9-2015q1/arm-none-eabi/lib/armv7-ar/thumb/fpu/libc.a(lib_a-memset.o)
                0x1000839c                memset
 .text.rand     0x10008440       0x48 /usr/local/gcc-arm-none-eabi-4_9-2015q1/arm-none-eabi/lib/armv7-ar/thumb/fpu/libc.a(lib_a-rand.o)
                0x10008440                rand
 .text.sprintf  0x10008488       0x50 /usr/local/gcc-arm-none-eabi-4_9-2015q1/arm-none-eabi/lib/armv7-ar/thumb/fpu/libc.a(lib_a-sprintf.o)
                0x10008488                sprintf
 .text.sscanf   0x100084d8       0x5c /usr/local/gcc-arm-none-eabi-4_9-2015q1/arm-none-eabi/lib/armv7-ar/thumb/fpu/libc.a(lib_a-sscanf.o)
                0x100084d8                sscanf
 .text.__seofread
                0x10008534        0x4 /usr/local/gcc-arm-none-eabi-4_9-2015q1/arm-none-eabi/lib/armv7-ar/thumb/fpu/libc.a(lib_a-stdio.o)
                0x10008534                __seofread
 .text          0x10008538      0x1bc /usr/local/gcc-arm-none-eabi-4_9-2015q1/arm-none-eabi/lib/armv7-ar/thumb/fpu/libc.a(lib_a-strcmp.o)
                0x10008538                strcmp
 .text.strlen   0x100086f4       0x5c /usr/local/gcc-arm-none-eabi-4_9-2015q1/arm-none-eabi/lib/armv7-ar/thumb/fpu/libc.a(lib_a-strlen.o)
                0x100086f4                strlen
 .text.strncmp  0x10008750       0x98 /usr/local/gcc-arm-none-eabi-4_9-2015q1/arm-none-eabi/lib/armv7-ar/thumb/fpu/libc.a(lib_a-strncmp.o)
                0x10008750                strncmp
 .text.strncpy  0x100087e8       0x74 /usr/local/gcc-arm-none-eabi-4_9-2015q1/arm-none-eabi/lib/armv7-ar/thumb/fpu/libc.a(lib_a-strncpy.o)
                0x100087e8                strncpy
 .text._strtol_r
                0x1000885c      0x138 /usr/local/gcc-arm-none-eabi-4_9-2015q1/arm-none-eabi/lib/armv7-ar/thumb/fpu/libc.a(lib_a-strtol.o)
                0x1000885c                _strtol_r
 .text.strtol   0x10008994       0x1c /usr/local/gcc-arm-none-eabi-4_9-2015q1/arm-none-eabi/lib/armv7-ar/thumb/fpu/libc.a(lib_a-strtol.o)
                0x10008994                strtol
 .text._strtoul_r
                0x100089b0      0x148 /usr/local/gcc-arm-none-eabi-4_9-2015q1/arm-none-eabi/lib/armv7-ar/thumb/fpu/libc.a(lib_a-strtoul.o)
                0x100089b0                _strtoul_r
 .text.strtoul  0x10008af8       0x1c /usr/local/gcc-arm-none-eabi-4_9-2015q1/arm-none-eabi/lib/armv7-ar/thumb/fpu/libc.a(lib_a-strtoul.o)
                0x10008af8                strtoul
 *fill*         0x10008b14        0x4 
 .text._svfprintf_r
                0x10008b18     0x14e8 /usr/local/gcc-arm-none-eabi-4_9-2015q1/arm-none-eabi/lib/armv7-ar/thumb/fpu/libc.a(lib_a-svfprintf.o)
                0x10008b18                _svfprintf_r
 .text.__ssvfscanf_r
                0x1000a000      0xea0 /usr/local/gcc-arm-none-eabi-4_9-2015q1/arm-none-eabi/lib/armv7-ar/thumb/fpu/libc.a(lib_a-svfscanf.o)
                0x1000a000                __ssvfscanf_r
 .text.quorem   0x1000aea0      0x13c /usr/local/gcc-arm-none-eabi-4_9-2015q1/arm-none-eabi/lib/armv7-ar/thumb/fpu/libc.a(lib_a-dtoa.o)
 *fill*         0x1000afdc        0x4 
 .text._dtoa_r  0x1000afe0      0xd30 /usr/local/gcc-arm-none-eabi-4_9-2015q1/arm-none-eabi/lib/armv7-ar/thumb/fpu/libc.a(lib_a-dtoa.o)
                0x1000afe0                _dtoa_r
 .text.iswspace
                0x1000bd10       0x20 /usr/local/gcc-arm-none-eabi-4_9-2015q1/arm-none-eabi/lib/armv7-ar/thumb/fpu/libc.a(lib_a-iswspace.o)
                0x1000bd10                iswspace
 .text.__locale_charset
                0x1000bd30        0xc /usr/local/gcc-arm-none-eabi-4_9-2015q1/arm-none-eabi/lib/armv7-ar/thumb/fpu/libc.a(lib_a-locale.o)
                0x1000bd30                __locale_charset
 .text.__locale_mb_cur_max
                0x1000bd3c        0xc /usr/local/gcc-arm-none-eabi-4_9-2015q1/arm-none-eabi/lib/armv7-ar/thumb/fpu/libc.a(lib_a-locale.o)
                0x1000bd3c                __locale_mb_cur_max
 .text._localeconv_r
                0x1000bd48        0xc /usr/local/gcc-arm-none-eabi-4_9-2015q1/arm-none-eabi/lib/armv7-ar/thumb/fpu/libc.a(lib_a-locale.o)
                0x1000bd48                _localeconv_r
 .text._malloc_r
                0x1000bd54      0x5a4 /usr/local/gcc-arm-none-eabi-4_9-2015q1/arm-none-eabi/lib/armv7-ar/thumb/fpu/libc.a(lib_a-mallocr.o)
                0x1000bd54                _malloc_r
 .text._mbrtowc_r
                0x1000c2f8       0x68 /usr/local/gcc-arm-none-eabi-4_9-2015q1/arm-none-eabi/lib/armv7-ar/thumb/fpu/libc.a(lib_a-mbrtowc.o)
                0x1000c2f8                _mbrtowc_r
 .text.__ascii_mbtowc
                0x1000c360       0x2c /usr/local/gcc-arm-none-eabi-4_9-2015q1/arm-none-eabi/lib/armv7-ar/thumb/fpu/libc.a(lib_a-mbtowc_r.o)
                0x1000c360                __ascii_mbtowc
 .text.memchr   0x1000c38c       0x94 /usr/local/gcc-arm-none-eabi-4_9-2015q1/arm-none-eabi/lib/armv7-ar/thumb/fpu/libc.a(lib_a-memchr.o)
                0x1000c38c                memchr
 .text.__malloc_lock
                0x1000c420        0x4 /usr/local/gcc-arm-none-eabi-4_9-2015q1/arm-none-eabi/lib/armv7-ar/thumb/fpu/libc.a(lib_a-mlock.o)
                0x1000c420                __malloc_lock
 .text.__malloc_unlock
                0x1000c424        0x4 /usr/local/gcc-arm-none-eabi-4_9-2015q1/arm-none-eabi/lib/armv7-ar/thumb/fpu/libc.a(lib_a-mlock.o)
                0x1000c424                __malloc_unlock
 .text._Balloc  0x1000c428       0x50 /usr/local/gcc-arm-none-eabi-4_9-2015q1/arm-none-eabi/lib/armv7-ar/thumb/fpu/libc.a(lib_a-mprec.o)
                0x1000c428                _Balloc
 .text._Bfree   0x1000c478       0x14 /usr/local/gcc-arm-none-eabi-4_9-2015q1/arm-none-eabi/lib/armv7-ar/thumb/fpu/libc.a(lib_a-mprec.o)
                0x1000c478                _Bfree
 .text.__multadd
                0x1000c48c       0x88 /usr/local/gcc-arm-none-eabi-4_9-2015q1/arm-none-eabi/lib/armv7-ar/thumb/fpu/libc.a(lib_a-mprec.o)
                0x1000c48c                __multadd
 .text.__s2b    0x1000c514       0x98 /usr/local/gcc-arm-none-eabi-4_9-2015q1/arm-none-eabi/lib/armv7-ar/thumb/fpu/libc.a(lib_a-mprec.o)
                0x1000c514                __s2b
 .text.__hi0bits
                0x1000c5ac       0x40 /usr/local/gcc-arm-none-eabi-4_9-2015q1/arm-none-eabi/lib/armv7-ar/thumb/fpu/libc.a(lib_a-mprec.o)
                0x1000c5ac                __hi0bits
 .text.__lo0bits
                0x1000c5ec       0x58 /usr/local/gcc-arm-none-eabi-4_9-2015q1/arm-none-eabi/lib/armv7-ar/thumb/fpu/libc.a(lib_a-mprec.o)
                0x1000c5ec                __lo0bits
 .text.__i2b    0x1000c644       0x14 /usr/local/gcc-arm-none-eabi-4_9-2015q1/arm-none-eabi/lib/armv7-ar/thumb/fpu/libc.a(lib_a-mprec.o)
                0x1000c644                __i2b
 .text.__multiply
                0x1000c658      0x150 /usr/local/gcc-arm-none-eabi-4_9-2015q1/arm-none-eabi/lib/armv7-ar/thumb/fpu/libc.a(lib_a-mprec.o)
                0x1000c658                __multiply
 .text.__pow5mult
                0x1000c7a8       0xa0 /usr/local/gcc-arm-none-eabi-4_9-2015q1/arm-none-eabi/lib/armv7-ar/thumb/fpu/libc.a(lib_a-mprec.o)
                0x1000c7a8                __pow5mult
 .text.__lshift
                0x1000c848       0xb4 /usr/local/gcc-arm-none-eabi-4_9-2015q1/arm-none-eabi/lib/armv7-ar/thumb/fpu/libc.a(lib_a-mprec.o)
                0x1000c848                __lshift
 .text.__mcmp   0x1000c8fc       0x48 /usr/local/gcc-arm-none-eabi-4_9-2015q1/arm-none-eabi/lib/armv7-ar/thumb/fpu/libc.a(lib_a-mprec.o)
                0x1000c8fc                __mcmp
 .text.__mdiff  0x1000c944       0xe8 /usr/local/gcc-arm-none-eabi-4_9-2015q1/arm-none-eabi/lib/armv7-ar/thumb/fpu/libc.a(lib_a-mprec.o)
                0x1000c944                __mdiff
 .text.__ulp    0x1000ca2c       0x54 /usr/local/gcc-arm-none-eabi-4_9-2015q1/arm-none-eabi/lib/armv7-ar/thumb/fpu/libc.a(lib_a-mprec.o)
                0x1000ca2c                __ulp
 .text.__b2d    0x1000ca80       0xd0 /usr/local/gcc-arm-none-eabi-4_9-2015q1/arm-none-eabi/lib/armv7-ar/thumb/fpu/libc.a(lib_a-mprec.o)
                0x1000ca80                __b2d
 .text.__d2b    0x1000cb50       0xbc /usr/local/gcc-arm-none-eabi-4_9-2015q1/arm-none-eabi/lib/armv7-ar/thumb/fpu/libc.a(lib_a-mprec.o)
                0x1000cb50                __d2b
 .text.__ratio  0x1000cc0c       0x6c /usr/local/gcc-arm-none-eabi-4_9-2015q1/arm-none-eabi/lib/armv7-ar/thumb/fpu/libc.a(lib_a-mprec.o)
                0x1000cc0c                __ratio
 .text.__copybits
                0x1000cc78       0x48 /usr/local/gcc-arm-none-eabi-4_9-2015q1/arm-none-eabi/lib/armv7-ar/thumb/fpu/libc.a(lib_a-mprec.o)
                0x1000cc78                __copybits
 .text.__any_on
                0x1000ccc0       0x60 /usr/local/gcc-arm-none-eabi-4_9-2015q1/arm-none-eabi/lib/armv7-ar/thumb/fpu/libc.a(lib_a-mprec.o)
                0x1000ccc0                __any_on
 .text.__fpclassifyd
                0x1000cd20       0x58 /usr/local/gcc-arm-none-eabi-4_9-2015q1/arm-none-eabi/lib/armv7-ar/thumb/fpu/libc.a(lib_a-s_fpclassify.o)
                0x1000cd20                __fpclassifyd
 .text._sbrk_r  0x1000cd78       0x28 /usr/local/gcc-arm-none-eabi-4_9-2015q1/arm-none-eabi/lib/armv7-ar/thumb/fpu/libc.a(lib_a-sbrkr.o)
                0x1000cd78                _sbrk_r
 .text.__sccl   0x1000cda0       0x84 /usr/local/gcc-arm-none-eabi-4_9-2015q1/arm-none-eabi/lib/armv7-ar/thumb/fpu/libc.a(lib_a-sccl.o)
                0x1000cda0                __sccl
 .text.nanf     0x1000ce24        0xc /usr/local/gcc-arm-none-eabi-4_9-2015q1/arm-none-eabi/lib/armv7-ar/thumb/fpu/libc.a(lib_a-sf_nan.o)
                0x1000ce24                nanf
 .text.unlikely.sulp
                0x1000ce30       0x34 /usr/local/gcc-arm-none-eabi-4_9-2015q1/arm-none-eabi/lib/armv7-ar/thumb/fpu/libc.a(lib_a-strtod.o)
 *fill*         0x1000ce64        0x4 
 .text._strtod_r
                0x1000ce68      0xe78 /usr/local/gcc-arm-none-eabi-4_9-2015q1/arm-none-eabi/lib/armv7-ar/thumb/fpu/libc.a(lib_a-strtod.o)
                0x1000ce68                _strtod_r
 .text._strtoll_r
                0x1000dce0      0x1bc /usr/local/gcc-arm-none-eabi-4_9-2015q1/arm-none-eabi/lib/armv7-ar/thumb/fpu/libc.a(lib_a-strtoll_r.o)
                0x1000dce0                _strtoll_r
 .text._strtoull_r
                0x1000de9c      0x1c4 /usr/local/gcc-arm-none-eabi-4_9-2015q1/arm-none-eabi/lib/armv7-ar/thumb/fpu/libc.a(lib_a-strtoull_r.o)
                0x1000de9c                _strtoull_r
 .text.__ssprint_r
                0x1000e060      0x108 /usr/local/gcc-arm-none-eabi-4_9-2015q1/arm-none-eabi/lib/armv7-ar/thumb/fpu/libc.a(lib_a-svfiprintf.o)
                0x1000e060                __ssprint_r
 .text._sungetc_r
                0x1000e168       0x88 /usr/local/gcc-arm-none-eabi-4_9-2015q1/arm-none-eabi/lib/armv7-ar/thumb/fpu/libc.a(lib_a-svfiscanf.o)
                0x1000e168                _sungetc_r
 .text.__ssrefill_r
                0x1000e1f0       0x3c /usr/local/gcc-arm-none-eabi-4_9-2015q1/arm-none-eabi/lib/armv7-ar/thumb/fpu/libc.a(lib_a-svfiscanf.o)
                0x1000e1f0                __ssrefill_r
 .text._sfread_r
                0x1000e22c       0x7c /usr/local/gcc-arm-none-eabi-4_9-2015q1/arm-none-eabi/lib/armv7-ar/thumb/fpu/libc.a(lib_a-svfiscanf.o)
                0x1000e22c                _sfread_r
 .text.__submore
                0x1000e2a8       0x7c /usr/local/gcc-arm-none-eabi-4_9-2015q1/arm-none-eabi/lib/armv7-ar/thumb/fpu/libc.a(lib_a-ungetc.o)
                0x1000e2a8                __submore
 .text._calloc_r
                0x1000e324       0x64 /usr/local/gcc-arm-none-eabi-4_9-2015q1/arm-none-eabi/lib/armv7-ar/thumb/fpu/libc.a(lib_a-callocr.o)
                0x1000e324                _calloc_r
 .text._malloc_trim_r
                0x1000e388       0xa8 /usr/local/gcc-arm-none-eabi-4_9-2015q1/arm-none-eabi/lib/armv7-ar/thumb/fpu/libc.a(lib_a-freer.o)
                0x1000e388                _malloc_trim_r
 .text._free_r  0x1000e430      0x1b4 /usr/local/gcc-arm-none-eabi-4_9-2015q1/arm-none-eabi/lib/armv7-ar/thumb/fpu/libc.a(lib_a-freer.o)
                0x1000e430                _free_r
 .text.rshift   0x1000e5e4       0xa4 /usr/local/gcc-arm-none-eabi-4_9-2015q1/arm-none-eabi/lib/armv7-ar/thumb/fpu/libc.a(lib_a-gdtoa-gethex.o)
 .text.__gethex
                0x1000e688      0x510 /usr/local/gcc-arm-none-eabi-4_9-2015q1/arm-none-eabi/lib/armv7-ar/thumb/fpu/libc.a(lib_a-gdtoa-gethex.o)
                0x1000e688                __gethex
 .text.__hexnan
                0x1000eb98      0x190 /usr/local/gcc-arm-none-eabi-4_9-2015q1/arm-none-eabi/lib/armv7-ar/thumb/fpu/libc.a(lib_a-gdtoa-hexnan.o)
                0x1000eb98                __hexnan
 .text._realloc_r
                0x1000ed28      0x3f8 /usr/local/gcc-arm-none-eabi-4_9-2015q1/arm-none-eabi/lib/armv7-ar/thumb/fpu/libc.a(lib_a-reallocr.o)
                0x1000ed28                _realloc_r
 .text._sbrk    0x1000f120       0x20 /usr/local/gcc-arm-none-eabi-4_9-2015q1/arm-none-eabi/lib/armv7-ar/thumb/fpu/libnosys.a(sbrk.o)
                0x1000f120                _sbrk
 .text          0x1000f140      0x278 /usr/local/gcc-arm-none-eabi-4_9-2015q1/lib/gcc/arm-none-eabi/4.9.3/armv7-ar/thumb/fpu/libgcc.a(_udivsi3.o)
                0x1000f140                __udivsi3
                0x1000f140                __aeabi_uidiv
                0x1000f39c                __aeabi_uidivmod
 .text          0x1000f3b8      0x2b0 /usr/local/gcc-arm-none-eabi-4_9-2015q1/lib/gcc/arm-none-eabi/4.9.3/armv7-ar/thumb/fpu/libgcc.a(_divsi3.o)
                0x1000f3b8                __aeabi_idiv
                0x1000f3b8                __divsi3
                0x1000f64c                __aeabi_idivmod
 .text          0x1000f668        0x4 /usr/local/gcc-arm-none-eabi-4_9-2015q1/lib/gcc/arm-none-eabi/4.9.3/armv7-ar/thumb/fpu/libgcc.a(_dvmd_tls.o)
                0x1000f668                __aeabi_ldiv0
                0x1000f668                __aeabi_idiv0
 .text          0x1000f66c       0x30 /usr/local/gcc-arm-none-eabi-4_9-2015q1/lib/gcc/arm-none-eabi/4.9.3/armv7-ar/thumb/fpu/libgcc.a(_aeabi_uldivmod.o)
                0x1000f66c                __aeabi_uldivmod
 .text          0x1000f69c       0x60 /usr/local/gcc-arm-none-eabi-4_9-2015q1/lib/gcc/arm-none-eabi/4.9.3/armv7-ar/thumb/fpu/libgcc.a(bpabi.o)
                0x1000f69c                __gnu_ldivmod_helper
                0x1000f6cc                __gnu_uldivmod_helper
 .text          0x1000f6fc      0x158 /usr/local/gcc-arm-none-eabi-4_9-2015q1/lib/gcc/arm-none-eabi/4.9.3/armv7-ar/thumb/fpu/libgcc.a(_divdi3.o)
                0x1000f6fc                __divdi3
 .text          0x1000f854      0x108 /usr/local/gcc-arm-none-eabi-4_9-2015q1/lib/gcc/arm-none-eabi/4.9.3/armv7-ar/thumb/fpu/libgcc.a(_udivdi3.o)
                0x1000f854                __udivdi3
 *fill*         0x1000f95c        0x4 
 .text.__stub   0x1000f960        0x8 linker stubs
 *(.rodata*)
 .rodata.str1.4
                0x1000f968      0x13a /home/bingo/RD_A12/release_rtos/vendors/ambarella/lib/libsoc_bld.a(AmbaBootloaderNAND.o)
                                0x13c (size before relaxing)
 *fill*         0x1000faa2        0x2 
 .rodata._pAmbaFDMA_Reg
                0x1000faa4        0x4 /home/bingo/RD_A12/release_rtos/vendors/ambarella/lib/libsoc_non_os.a(AmbaCSL_DMA.o)
                0x1000faa4                _pAmbaFDMA_Reg
 .rodata.pAmbaGPIO_Reg
                0x1000faa8       0x10 /home/bingo/RD_A12/release_rtos/vendors/ambarella/lib/libsoc_non_os.a(AmbaCSL_GPIO.o)
                0x1000faa8                pAmbaGPIO_Reg
 .rodata._pAmbaL2CC_Reg
                0x1000fab8        0x4 /home/bingo/RD_A12/release_rtos/vendors/ambarella/lib/libsoc_non_os.a(AmbaCSL_L2CC.o)
                0x1000fab8                _pAmbaL2CC_Reg
 .rodata.PllCtrlRegsAddrTable
                0x1000fabc       0xf0 /home/bingo/RD_A12/release_rtos/vendors/ambarella/lib/libsoc_non_os.a(AmbaCSL_PLL.o)
 .rodata.pAmbaRCT_Reg
                0x1000fbac        0x4 /home/bingo/RD_A12/release_rtos/vendors/ambarella/lib/libsoc_non_os.a(AmbaCSL_RCT.o)
                0x1000fbac                pAmbaRCT_Reg
 .rodata._pAmbaTimer_CtrlRegsAddrTable
                0x1000fbb0       0x20 /home/bingo/RD_A12/release_rtos/vendors/ambarella/lib/libsoc_non_os.a(AmbaCSL_Timer.o)
                0x1000fbb0                _pAmbaTimer_CtrlRegsAddrTable
 .rodata.__func__.7876
                0x1000fbd0       0x14 /home/bingo/RD_A12/release_rtos/vendors/ambarella/lib/libsoc_non_os.a(AmbaNonOS_NAND.o)
 .rodata.__FUNCTION__.7906
                0x1000fbe4       0x14 /home/bingo/RD_A12/release_rtos/vendors/ambarella/lib/libsoc_non_os.a(AmbaNonOS_NAND.o)
 .rodata.str1.4
                0x1000fbf8      0x365 /home/bingo/RD_A12/release_rtos/vendors/ambarella/lib/libsoc_non_os.a(AmbaNonOS_NAND.o)
                                0x368 (size before relaxing)
 *fill*         0x1000ff5d        0x3 
 .rodata.__FUNCTION__.7937
                0x1000ff60       0x18 /home/bingo/RD_A12/release_rtos/vendors/ambarella/lib/libsoc_non_os.a(AmbaNonOS_NAND.o)
 .rodata.str1.4
                0x1000ff78      0x1f3 /home/bingo/RD_A12/release_rtos/vendors/ambarella/lib/libsoc_non_os.a(AmbaNonOS_NandBBT.o)
                                0x228 (size before relaxing)
 *fill*         0x1001016b        0x1 
 .rodata.str1.4
                0x1001016c      0x1c9 /home/bingo/RD_A12/release_rtos/vendors/ambarella/lib/libsoc_non_os.a(AmbaNonOS_NandDiag.o)
                                0x1d0 (size before relaxing)
 *fill*         0x10010335        0x3 
 .rodata.str1.4
                0x10010338      0x378 /home/bingo/RD_A12/release_rtos/vendors/ambarella/lib/libsoc_non_os.a(AmbaFWPROG.o)
 .rodata.str1.4
                0x100106b0      0x291 /home/bingo/RD_A12/release_rtos/output/lib/libamboot_bld.a(AmbaNonOS_Shell.o)
                                0x29c (size before relaxing)
 *fill*         0x10010941        0x3 
 .rodata.str1.4
                0x10010944       0x1e /home/bingo/RD_A12/release_rtos/output/lib/libperipheral.a(AmbaNAND_S34ML04G1.o)
                                 0x20 (size before relaxing)
 *fill*         0x10010962        0x2 
 .rodata.AmbaNAND_DevInfo
                0x10010964       0x34 /home/bingo/RD_A12/release_rtos/output/lib/libperipheral.a(AmbaNAND_S34ML04G1.o)
                0x10010964                AmbaNAND_DevInfo
 .rodata._ctype_
                0x10010998      0x104 /usr/local/gcc-arm-none-eabi-4_9-2015q1/arm-none-eabi/lib/armv7-ar/thumb/fpu/libc.a(lib_a-ctype_.o)
                0x10010998                _ctype_
 .rodata.zeroes.6916
                0x10010a9c       0x10 /usr/local/gcc-arm-none-eabi-4_9-2015q1/arm-none-eabi/lib/armv7-ar/thumb/fpu/libc.a(lib_a-svfprintf.o)
 .rodata.str1.4
                0x10010aac       0x42 /usr/local/gcc-arm-none-eabi-4_9-2015q1/arm-none-eabi/lib/armv7-ar/thumb/fpu/libc.a(lib_a-svfprintf.o)
                                 0x44 (size before relaxing)
 *fill*         0x10010aee        0x2 
 .rodata.blanks.6915
                0x10010af0       0x10 /usr/local/gcc-arm-none-eabi-4_9-2015q1/arm-none-eabi/lib/armv7-ar/thumb/fpu/libc.a(lib_a-svfprintf.o)
 .rodata.basefix.6867
                0x10010b00       0x24 /usr/local/gcc-arm-none-eabi-4_9-2015q1/arm-none-eabi/lib/armv7-ar/thumb/fpu/libc.a(lib_a-svfscanf.o)
 .rodata.str1.4
                0x10010b24        0x5 /usr/local/gcc-arm-none-eabi-4_9-2015q1/arm-none-eabi/lib/armv7-ar/thumb/fpu/libc.a(lib_a-svfscanf.o)
                                  0x8 (size before relaxing)
 *fill*         0x10010b29        0x3 
 .rodata.str1.4
                0x10010b2c       0x10 /usr/local/gcc-arm-none-eabi-4_9-2015q1/arm-none-eabi/lib/armv7-ar/thumb/fpu/libc.a(lib_a-dtoa.o)
                                 0x14 (size before relaxing)
 .rodata.str1.4
                0x10010b3c        0x2 /usr/local/gcc-arm-none-eabi-4_9-2015q1/arm-none-eabi/lib/armv7-ar/thumb/fpu/libc.a(lib_a-impure.o)
                                  0x4 (size before relaxing)
 *fill*         0x10010b3e        0x2 
 .rodata.str1.4
                0x10010b40        0x6 /usr/local/gcc-arm-none-eabi-4_9-2015q1/arm-none-eabi/lib/armv7-ar/thumb/fpu/libc.a(lib_a-locale.o)
                                 0x14 (size before relaxing)
 .rodata.str1.4
                0x00000000        0x4 /usr/local/gcc-arm-none-eabi-4_9-2015q1/arm-none-eabi/lib/armv7-ar/thumb/fpu/libc.a(lib_a-mbrtowc.o)
 *fill*         0x10010b46        0x2 
 .rodata.p05.5296
                0x10010b48        0xc /usr/local/gcc-arm-none-eabi-4_9-2015q1/arm-none-eabi/lib/armv7-ar/thumb/fpu/libc.a(lib_a-mprec.o)
 *fill*         0x10010b54        0x4 
 .rodata.__mprec_tens
                0x10010b58       0xc8 /usr/local/gcc-arm-none-eabi-4_9-2015q1/arm-none-eabi/lib/armv7-ar/thumb/fpu/libc.a(lib_a-mprec.o)
                0x10010b58                __mprec_tens
 .rodata.__mprec_bigtens
                0x10010c20       0x28 /usr/local/gcc-arm-none-eabi-4_9-2015q1/arm-none-eabi/lib/armv7-ar/thumb/fpu/libc.a(lib_a-mprec.o)
                0x10010c20                __mprec_bigtens
 .rodata.fpinan.5301
                0x10010c48       0x14 /usr/local/gcc-arm-none-eabi-4_9-2015q1/arm-none-eabi/lib/armv7-ar/thumb/fpu/libc.a(lib_a-strtod.o)
 .rodata.str1.4
                0x10010c5c       0x10 /usr/local/gcc-arm-none-eabi-4_9-2015q1/arm-none-eabi/lib/armv7-ar/thumb/fpu/libc.a(lib_a-strtod.o)
 .rodata.fpi.5265
                0x10010c6c       0x14 /usr/local/gcc-arm-none-eabi-4_9-2015q1/arm-none-eabi/lib/armv7-ar/thumb/fpu/libc.a(lib_a-strtod.o)
 .rodata.tinytens
                0x10010c80       0x28 /usr/local/gcc-arm-none-eabi-4_9-2015q1/arm-none-eabi/lib/armv7-ar/thumb/fpu/libc.a(lib_a-strtod.o)
 .rodata.__hexdig
                0x10010ca8      0x100 /usr/local/gcc-arm-none-eabi-4_9-2015q1/arm-none-eabi/lib/armv7-ar/thumb/fpu/libc.a(lib_a-gdtoa-gethex.o)
                0x10010ca8                __hexdig
 .rodata.AmbaFW_PartitionSize
                0x10010da8       0x3c /home/bingo/RD_A12/release_rtos/output/bsp/dragonfly/bsp.o
                0x10010da8                AmbaFW_PartitionSize
 *(.fixup)

.glue_7         0x10010de4        0x0
 .glue_7        0x00000000        0x0 linker stubs

.glue_7t        0x10010de4        0x0
 .glue_7t       0x00000000        0x0 linker stubs

.vfp11_veneer   0x10010de4        0x0
 .vfp11_veneer  0x00000000        0x0 linker stubs

.v4_bx          0x10010de4        0x0
 .v4_bx         0x00000000        0x0 linker stubs

.iplt           0x10010de4        0x0
 .iplt          0x00000000        0x0 /home/bingo/RD_A12/release_rtos/output/lib/libcomsvc_sys.a(AmbaExceptionHandler.o)

.rel.dyn        0x10010de4        0x0
 .rel.iplt      0x00000000        0x0 /home/bingo/RD_A12/release_rtos/output/lib/libcomsvc_sys.a(AmbaExceptionHandler.o)

.ARM.exidx      0x10010de4        0x8
 .ARM.exidx     0x10010de4        0x8 /usr/local/gcc-arm-none-eabi-4_9-2015q1/lib/gcc/arm-none-eabi/4.9.3/armv7-ar/thumb/fpu/libgcc.a(_divdi3.o)
 .ARM.exidx     0x10010dec        0x0 /usr/local/gcc-arm-none-eabi-4_9-2015q1/lib/gcc/arm-none-eabi/4.9.3/armv7-ar/thumb/fpu/libgcc.a(_udivdi3.o)
                                  0x8 (size before relaxing)
                0x10010dec                . = ALIGN (0x4)

.data           0x10010df0     0x1044
 *(.data*)
 .data._AmbaReleaseOtherCoreFlag
                0x10010df0        0x4 /home/bingo/RD_A12/release_rtos/vendors/ambarella/lib/libsoc_bld.a(AmbaBootloaderNAND.o)
                0x10010df0                _AmbaReleaseOtherCoreFlag
 .data.AmbaMmuUserCtrl
                0x10010df4       0x10 /home/bingo/RD_A12/release_rtos/vendors/ambarella/lib/libsoc_bld.a(AmbaMmuBldCtrl.o)
                0x10010df4                AmbaMmuUserCtrl
 .data.MMU_RamMapInfo
                0x10010e04       0x20 /home/bingo/RD_A12/release_rtos/vendors/ambarella/lib/libsoc_bld.a(AmbaMmuBldCtrl.o)
 .data.pAmbaFIO_Reg
                0x10010e24        0x4 /home/bingo/RD_A12/release_rtos/vendors/ambarella/lib/libsoc_non_os.a(AmbaCSL_FIO.o)
                0x10010e24                pAmbaFIO_Reg
 .data.pAmbaIOMUX_Reg
                0x10010e28        0x4 /home/bingo/RD_A12/release_rtos/vendors/ambarella/lib/libsoc_non_os.a(AmbaCSL_GPIO.o)
                0x10010e28                pAmbaIOMUX_Reg
 .data.pAmbaI2S_Reg
                0x10010e2c        0x4 /home/bingo/RD_A12/release_rtos/vendors/ambarella/lib/libsoc_non_os.a(AmbaCSL_I2S.o)
                0x10010e2c                pAmbaI2S_Reg
 .data.pAmbaNAND_Reg
                0x10010e30        0x4 /home/bingo/RD_A12/release_rtos/vendors/ambarella/lib/libsoc_non_os.a(AmbaCSL_NAND.o)
                0x10010e30                pAmbaNAND_Reg
 .data._pAmbaRTC_Reg
                0x10010e34        0x4 /home/bingo/RD_A12/release_rtos/vendors/ambarella/lib/libsoc_non_os.a(AmbaCSL_RTC.o)
                0x10010e34                _pAmbaRTC_Reg
 .data._pAmbaTimer_Reg
                0x10010e38        0x4 /home/bingo/RD_A12/release_rtos/vendors/ambarella/lib/libsoc_non_os.a(AmbaCSL_Timer.o)
                0x10010e38                _pAmbaTimer_Reg
 .data._pAmbaVIC_Reg
                0x10010e3c        0xc /home/bingo/RD_A12/release_rtos/vendors/ambarella/lib/libsoc_non_os.a(AmbaCSL_VIC.o)
                0x10010e3c                _pAmbaVIC_Reg
 .data.AmbaRTSL_GpioCtrl
                0x10010e48      0x2c0 /home/bingo/RD_A12/release_rtos/vendors/ambarella/lib/libsoc_non_os.a(AmbaRTSL_GPIO.o)
                0x10010e48                AmbaRTSL_GpioCtrl
 .data._AmbaMMU_Ctrl
                0x10011108        0x8 /home/bingo/RD_A12/release_rtos/vendors/ambarella/lib/libsoc_non_os.a(AmbaRTSL_MMU.o)
 .data.MMU_MmioMap
                0x10011110       0x50 /home/bingo/RD_A12/release_rtos/vendors/ambarella/lib/libsoc_non_os.a(AmbaRTSL_MMU.o)
 .data.AmbaClkDomainCtrl
                0x10011160       0xa0 /home/bingo/RD_A12/release_rtos/vendors/ambarella/lib/libsoc_non_os.a(AmbaRTSL_PLL.o)
                0x10011160                AmbaClkDomainCtrl
 .data.PLL_GetPllOutClkFreqTable
                0x10011200       0x2c /home/bingo/RD_A12/release_rtos/vendors/ambarella/lib/libsoc_non_os.a(AmbaRTSL_PLL.o)
 .data.StringNil
                0x1001122c        0x8 /home/bingo/RD_A12/release_rtos/vendors/ambarella/lib/libsoc_non_os.a(AmbaNonOS_UART.o)
 .data.g_MainBbtPattern
                0x10011234        0x4 /home/bingo/RD_A12/release_rtos/vendors/ambarella/lib/libsoc_non_os.a(AmbaNonOS_NandBBT.o)
 .data.g_MirrBbtDesc
                0x10011238       0x10 /home/bingo/RD_A12/release_rtos/vendors/ambarella/lib/libsoc_non_os.a(AmbaNonOS_NandBBT.o)
 .data.g_MirrBbtPattern
                0x10011248        0x4 /home/bingo/RD_A12/release_rtos/vendors/ambarella/lib/libsoc_non_os.a(AmbaNonOS_NandBBT.o)
 .data.g_MainBbtDesc
                0x1001124c       0x10 /home/bingo/RD_A12/release_rtos/vendors/ambarella/lib/libsoc_non_os.a(AmbaNonOS_NandBBT.o)
 .data.BBT_EXIST
                0x1001125c        0x4 /home/bingo/RD_A12/release_rtos/vendors/ambarella/lib/libsoc_non_os.a(AmbaNonOS_NandBBT.o)
 .data.HugeBufferAddr
                0x10011260        0x4 /home/bingo/RD_A12/release_rtos/vendors/ambarella/lib/libsoc_non_os.a(AmbaNonOS_NandDiag.o)
                0x10011260                HugeBufferAddr
 .data.AmbaNAND_PartitionName
                0x10011264       0x40 /home/bingo/RD_A12/release_rtos/vendors/ambarella/lib/libsoc_non_os.a(AmbaFWPROG.o)
                0x10011264                AmbaNAND_PartitionName
 .data.HelpShow
                0x100112a4       0x50 /home/bingo/RD_A12/release_rtos/output/lib/libamboot_bld.a(AmbaNonOS_Shell.o)
 .data.HelpList
                0x100112f4       0x2c /home/bingo/RD_A12/release_rtos/output/lib/libamboot_bld.a(AmbaNonOS_Shell.o)
 .data.HelpHelp
                0x10011320       0x64 /home/bingo/RD_A12/release_rtos/output/lib/libamboot_bld.a(AmbaNonOS_Shell.o)
 .data.HelpDiag
                0x10011384       0x88 /home/bingo/RD_A12/release_rtos/output/lib/libamboot_bld.a(AmbaNonOS_Shell.o)
 .data.HelpHotboot
                0x1001140c       0x54 /home/bingo/RD_A12/release_rtos/output/lib/libamboot_bld.a(AmbaNonOS_Shell.o)
 .data.HelpErase
                0x10011460       0x90 /home/bingo/RD_A12/release_rtos/output/lib/libamboot_bld.a(AmbaNonOS_Shell.o)
 .data.__ctype_ptr__
                0x100114f0        0x4 /usr/local/gcc-arm-none-eabi-4_9-2015q1/arm-none-eabi/lib/armv7-ar/thumb/fpu/libc.a(lib_a-ctype_.o)
                0x100114f0                __ctype_ptr__
 *fill*         0x100114f4        0x4 
 .data.impure_data
                0x100114f8      0x428 /usr/local/gcc-arm-none-eabi-4_9-2015q1/arm-none-eabi/lib/armv7-ar/thumb/fpu/libc.a(lib_a-impure.o)
 .data._impure_ptr
                0x10011920        0x4 /usr/local/gcc-arm-none-eabi-4_9-2015q1/arm-none-eabi/lib/armv7-ar/thumb/fpu/libc.a(lib_a-impure.o)
                0x10011920                _impure_ptr
 .data.lconv    0x10011924       0x38 /usr/local/gcc-arm-none-eabi-4_9-2015q1/arm-none-eabi/lib/armv7-ar/thumb/fpu/libc.a(lib_a-locale.o)
 .data.lc_ctype_charset
                0x1001195c       0x20 /usr/local/gcc-arm-none-eabi-4_9-2015q1/arm-none-eabi/lib/armv7-ar/thumb/fpu/libc.a(lib_a-locale.o)
 .data.__mb_cur_max
                0x1001197c        0x4 /usr/local/gcc-arm-none-eabi-4_9-2015q1/arm-none-eabi/lib/armv7-ar/thumb/fpu/libc.a(lib_a-locale.o)
                0x1001197c                __mb_cur_max
 .data.__malloc_av_
                0x10011980      0x408 /usr/local/gcc-arm-none-eabi-4_9-2015q1/arm-none-eabi/lib/armv7-ar/thumb/fpu/libc.a(lib_a-mallocr.o)
                0x10011980                __malloc_av_
 .data.__malloc_trim_threshold
                0x10011d88        0x4 /usr/local/gcc-arm-none-eabi-4_9-2015q1/arm-none-eabi/lib/armv7-ar/thumb/fpu/libc.a(lib_a-mallocr.o)
                0x10011d88                __malloc_trim_threshold
 .data.__malloc_sbrk_base
                0x10011d8c        0x4 /usr/local/gcc-arm-none-eabi-4_9-2015q1/arm-none-eabi/lib/armv7-ar/thumb/fpu/libc.a(lib_a-mallocr.o)
                0x10011d8c                __malloc_sbrk_base
 .data.__mbtowc
                0x10011d90        0x4 /usr/local/gcc-arm-none-eabi-4_9-2015q1/arm-none-eabi/lib/armv7-ar/thumb/fpu/libc.a(lib_a-mbtowc_r.o)
                0x10011d90                __mbtowc
 .data.GpioPinGrpConfig
                0x10011d94       0xa0 /home/bingo/RD_A12/release_rtos/output/bsp/dragonfly/bsp.o
                0x10011d94                GpioPinGrpConfig

.igot.plt       0x10011e34        0x0
 .igot.plt      0x00000000        0x0 /home/bingo/RD_A12/release_rtos/output/lib/libcomsvc_sys.a(AmbaExceptionHandler.o)
                0x10011e34                . = ALIGN (0x4)

.bss.noinit     0x10014000   0x12c000
                0x10014000                __noinit_start = .
 *(.bss.noinit*)
 .bss.noinit    0x10014000      0x800 /home/bingo/RD_A12/release_rtos/vendors/ambarella/lib/libsoc_bld.a(AmbaBootloaderNAND.o)
 .bss.noinit    0x10014800    0x80000 /home/bingo/RD_A12/release_rtos/vendors/ambarella/lib/libsoc_non_os.a(AmbaRTSL_FIO.o)
 *fill*         0x10094800     0x3800 
 .bss.noinit    0x10098000    0x88000 /home/bingo/RD_A12/release_rtos/vendors/ambarella/lib/libsoc_non_os.a(AmbaRTSL_MMU.o)
 .bss.noinit    0x10120000    0x20000 /home/bingo/RD_A12/release_rtos/output/lib/libamboot_bld.a(AmbaNonOS_Shell.o)
                0x10140000                __noinit_end = .
                0x10140000                . = ALIGN (0x4)

.bss            0x10140000    0x16a60
                0x10140000                . = ALIGN (0x4)
                0x10140000                __bss_start = .
 *(.bss*)
 .bss.KernelStart
                0x10140000        0x4 /home/bingo/RD_A12/release_rtos/vendors/ambarella/lib/libsoc_bld.a(AmbaBootloaderNAND.o)
                0x10140000                KernelStart
 .bss.PwcDelayMS
                0x10140004        0x4 /home/bingo/RD_A12/release_rtos/vendors/ambarella/lib/libsoc_non_os.a(AmbaCSL_PWC.o)
 .bss.RtcDelayMS
                0x10140008        0x4 /home/bingo/RD_A12/release_rtos/vendors/ambarella/lib/libsoc_non_os.a(AmbaCSL_RTC.o)
 .bss.AmbaRTSL_DmaCtrl
                0x1014000c       0x40 /home/bingo/RD_A12/release_rtos/vendors/ambarella/lib/libsoc_non_os.a(AmbaRTSL_DMA.o)
                0x1014000c                AmbaRTSL_DmaCtrl
 .bss.g_MainDmaRpt
                0x1014004c        0x4 /home/bingo/RD_A12/release_rtos/vendors/ambarella/lib/libsoc_non_os.a(AmbaRTSL_FIO.o)
 *fill*         0x10140050       0x10 
 .bss.g_MainDmaReq
                0x10140060       0x20 /home/bingo/RD_A12/release_rtos/vendors/ambarella/lib/libsoc_non_os.a(AmbaRTSL_FIO.o)
 .bss.g_SpareDmaRpt
                0x10140080        0x4 /home/bingo/RD_A12/release_rtos/vendors/ambarella/lib/libsoc_non_os.a(AmbaRTSL_FIO.o)
 *fill*         0x10140084       0x1c 
 .bss.g_SpareDmaReq
                0x101400a0       0x20 /home/bingo/RD_A12/release_rtos/vendors/ambarella/lib/libsoc_non_os.a(AmbaRTSL_FIO.o)
 .bss.g_AmbaRTSL_FioCtrl
                0x101400c0      0x210 /home/bingo/RD_A12/release_rtos/vendors/ambarella/lib/libsoc_non_os.a(AmbaRTSL_FIO.o)
                0x101400c0                g_AmbaRTSL_FioCtrl
 .bss.AmbaRTSL_GpioIsrCallBack
                0x101402d0        0x4 /home/bingo/RD_A12/release_rtos/vendors/ambarella/lib/libsoc_non_os.a(AmbaRTSL_GPIO.o)
                0x101402d0                AmbaRTSL_GpioIsrCallBack
 *fill*         0x101402d4        0x4 
 .bss.DummyWriteSpareBuffer
                0x101402d8       0x80 /home/bingo/RD_A12/release_rtos/vendors/ambarella/lib/libsoc_non_os.a(AmbaRTSL_NAND.o)
 .bss.AmbaNAND_FwPartInfo
                0x10140358       0x50 /home/bingo/RD_A12/release_rtos/vendors/ambarella/lib/libsoc_non_os.a(AmbaRTSL_NAND.o)
                0x10140358                AmbaNAND_FwPartInfo
 .bss.AmbaNAND_NftlPartInfo
                0x101403a8       0x64 /home/bingo/RD_A12/release_rtos/vendors/ambarella/lib/libsoc_non_os.a(AmbaRTSL_NAND.o)
                0x101403a8                AmbaNAND_NftlPartInfo
 *fill*         0x1014040c        0x4 
 .bss.DummyWriteMainBuffer
                0x10140410      0x800 /home/bingo/RD_A12/release_rtos/vendors/ambarella/lib/libsoc_non_os.a(AmbaRTSL_NAND.o)
 .bss.AmbaVIC_IsrTable
                0x10140c10      0x180 /home/bingo/RD_A12/release_rtos/vendors/ambarella/lib/libsoc_non_os.a(AmbaRTSL_VIC.o)
                0x10140c10                AmbaVIC_IsrTable
 .bss._AmbaRTSL_CacheExitCriticalSectionCallBack
                0x10140d90        0x4 /home/bingo/RD_A12/release_rtos/vendors/ambarella/lib/libsoc_non_os.a(AmbaRTSL_Cache.o)
                0x10140d90                _AmbaRTSL_CacheExitCriticalSectionCallBack
 .bss._AmbaRTSL_CacheEnterCriticalSectionCallBack
                0x10140d94        0x4 /home/bingo/RD_A12/release_rtos/vendors/ambarella/lib/libsoc_non_os.a(AmbaRTSL_Cache.o)
                0x10140d94                _AmbaRTSL_CacheEnterCriticalSectionCallBack
 .bss.CheckBuf  0x10140d98     0x4000 /home/bingo/RD_A12/release_rtos/vendors/ambarella/lib/libsoc_non_os.a(AmbaNonOS_NAND.o)
 .bss.g_Bbt     0x10144d98      0x800 /home/bingo/RD_A12/release_rtos/vendors/ambarella/lib/libsoc_non_os.a(AmbaNonOS_NandBBT.o)
 .bss.SpareBuf  0x10145598       0x80 /home/bingo/RD_A12/release_rtos/vendors/ambarella/lib/libsoc_non_os.a(AmbaNonOS_NandBBT.o)
 .bss.PageBuf   0x10145618      0x800 /home/bingo/RD_A12/release_rtos/vendors/ambarella/lib/libsoc_non_os.a(AmbaNonOS_NandBBT.o)
 .bss.CheckBuf  0x10145e18      0x800 /home/bingo/RD_A12/release_rtos/vendors/ambarella/lib/libsoc_non_os.a(AmbaNonOS_NandBBT.o)
 .bss.__malloc_max_total_mem
                0x10146618        0x4 /usr/local/gcc-arm-none-eabi-4_9-2015q1/arm-none-eabi/lib/armv7-ar/thumb/fpu/libc.a(lib_a-mallocr.o)
                0x10146618                __malloc_max_total_mem
 .bss.__malloc_max_sbrked_mem
                0x1014661c        0x4 /usr/local/gcc-arm-none-eabi-4_9-2015q1/arm-none-eabi/lib/armv7-ar/thumb/fpu/libc.a(lib_a-mallocr.o)
                0x1014661c                __malloc_max_sbrked_mem
 .bss.__malloc_top_pad
                0x10146620        0x4 /usr/local/gcc-arm-none-eabi-4_9-2015q1/arm-none-eabi/lib/armv7-ar/thumb/fpu/libc.a(lib_a-mallocr.o)
                0x10146620                __malloc_top_pad
 .bss.__malloc_current_mallinfo
                0x10146624       0x28 /usr/local/gcc-arm-none-eabi-4_9-2015q1/arm-none-eabi/lib/armv7-ar/thumb/fpu/libc.a(lib_a-mallocr.o)
                0x10146624                __malloc_current_mallinfo
 .bss.heap_end.4079
                0x1014664c        0x4 /usr/local/gcc-arm-none-eabi-4_9-2015q1/arm-none-eabi/lib/armv7-ar/thumb/fpu/libnosys.a(sbrk.o)
 *(COMMON)
 COMMON         0x10146650        0x4 /usr/local/gcc-arm-none-eabi-4_9-2015q1/arm-none-eabi/lib/armv7-ar/thumb/fpu/libc.a(lib_a-reent.o)
                0x10146650                errno
                0x10146654                __bss_end = .
                0x10146660                . = ALIGN (0x20)
 *fill*         0x10146654        0xc 
                0x10146660                __svc_stack_start = .
                0x1014e660                . = (__svc_stack_start + 0x8000)
 *fill*         0x10146660     0x8000 
                0x1014e660                __svc_stack_end = .
                0x1014e660                . = ALIGN (0x20)
                0x1014e660                __irq_stack_start = .
                0x1014e760                . = (__irq_stack_start + 0x100)
 *fill*         0x1014e660      0x100 
                0x1014e760                __irq_stack_end = .
                0x1014e760                . = ALIGN (0x20)
                0x1014e760                __fiq_stack_start = .
                0x1014e860                . = (__fiq_stack_start + 0x100)
 *fill*         0x1014e760      0x100 
                0x1014e860                __fiq_stack_end = .
                0x1014e860                . = ALIGN (0x20)
                0x1014e860                __und_stack_start = .
                0x1014e960                . = (__und_stack_start + 0x100)
 *fill*         0x1014e860      0x100 
                0x1014e960                __und_stack_end = .
                0x1014e960                . = ALIGN (0x20)
                0x1014e960                __abt_stack_start = .
                0x1014ea60                . = (__abt_stack_start + 0x100)
 *fill*         0x1014e960      0x100 
                0x1014ea60                __abt_stack_end = .
                0x1014ea60                . = ALIGN (0x20)
                0x1014ea60                __sys_stack_start = .
                0x10156a60                . = (__sys_stack_start + 0x8000)
 *fill*         0x1014ea60     0x8000 
                0x10156a60                __sys_stack_end = .
                0x10156a60                PROVIDE (end, .)

.memfwprog      0x10156a60    0x295a0
                0x10160000                . = ALIGN (0x10000)
 *fill*         0x10156a60     0x95a0 
                0x10160000                __memfwprog_result = .
                0x10170000                . = (__memfwprog_result + 0x10000)
 *fill*         0x10160000    0x10000 
                0x10170000                . = ALIGN (0x10000)
                0x10170000                __memfwprog_command = .
                0x10180000                . = (__memfwprog_command + 0x10000)
 *fill*         0x10170000    0x10000 

/DISCARD/
 *(.ARM.exidx.exit.text)
 *(.ARM.extab.exit.text)
 *(.ARM.exidx.cpuexit.text)
 *(.ARM.extab.cpuexit.text)
 *(.ARM.exidx.devexit.text)
 *(.ARM.extab.devexit.text)
 *(.discard*)
START GROUP
LOAD /home/bingo/RD_A12/release_rtos/output/lib/libcomsvc_sys.a
LOAD /home/bingo/RD_A12/release_rtos/vendors/ambarella/lib/libsoc_bld.a
LOAD /home/bingo/RD_A12/release_rtos/vendors/ambarella/lib/libsoc_non_os.a
LOAD /home/bingo/RD_A12/release_rtos/output/lib/libamboot_bld.a
LOAD /home/bingo/RD_A12/release_rtos/output/lib/libperipheral.a
LOAD /usr/local/gcc-arm-none-eabi-4_9-2015q1/arm-none-eabi/lib/armv7-ar/thumb/fpu/libc.a
LOAD /usr/local/gcc-arm-none-eabi-4_9-2015q1/arm-none-eabi/lib/armv7-ar/thumb/fpu/libnosys.a
LOAD /usr/local/gcc-arm-none-eabi-4_9-2015q1/arm-none-eabi/lib/armv7-ar/thumb/fpu/libm.a
LOAD /usr/local/gcc-arm-none-eabi-4_9-2015q1/lib/gcc/arm-none-eabi/4.9.3/armv7-ar/thumb/fpu/libgcc.a
LOAD /usr/local/gcc-arm-none-eabi-4_9-2015q1/arm-none-eabi/lib/armv7-ar/thumb/fpu/librdimon.a
END GROUP
LOAD /home/bingo/RD_A12/release_rtos/output/bsp/dragonfly/bsp.o
OUTPUT(out/amba_bld.elf elf32-littlearm)

.ARM.attributes
                0x00000000       0x3b
 .ARM.attributes
                0x00000000       0x29 /home/bingo/RD_A12/release_rtos/output/lib/libcomsvc_sys.a(AmbaMemcpy_16to32.o)
 .ARM.attributes
                0x00000029       0x29 /home/bingo/RD_A12/release_rtos/output/lib/libcomsvc_sys.a(AmbaMemcpy_32to16.o)
 .ARM.attributes
                0x00000052       0x29 /home/bingo/RD_A12/release_rtos/output/lib/libcomsvc_sys.a(AmbaMemcpy_32to32.o)
 .ARM.attributes
                0x0000007b       0x29 /home/bingo/RD_A12/release_rtos/output/lib/libcomsvc_sys.a(AmbaMemcpy_32to8.o)
 .ARM.attributes
                0x000000a4       0x29 /home/bingo/RD_A12/release_rtos/output/lib/libcomsvc_sys.a(AmbaMemcpy_8to32.o)
 .ARM.attributes
                0x000000cd       0x3d /home/bingo/RD_A12/release_rtos/vendors/ambarella/lib/libsoc_bld.a(AmbaBootloaderNAND.o)
 .ARM.attributes
                0x0000010a       0x3d /home/bingo/RD_A12/release_rtos/vendors/ambarella/lib/libsoc_bld.a(AmbaMmuBldCtrl.o)
 .ARM.attributes
                0x00000147       0x3d /home/bingo/RD_A12/release_rtos/vendors/ambarella/lib/libsoc_non_os.a(AmbaCSL_DMA.o)
 .ARM.attributes
                0x00000184       0x3d /home/bingo/RD_A12/release_rtos/vendors/ambarella/lib/libsoc_non_os.a(AmbaCSL_FIO.o)
 .ARM.attributes
                0x000001c1       0x3d /home/bingo/RD_A12/release_rtos/vendors/ambarella/lib/libsoc_non_os.a(AmbaCSL_GPIO.o)
 .ARM.attributes
                0x000001fe       0x3d /home/bingo/RD_A12/release_rtos/vendors/ambarella/lib/libsoc_non_os.a(AmbaCSL_I2S.o)
 .ARM.attributes
                0x0000023b       0x3d /home/bingo/RD_A12/release_rtos/vendors/ambarella/lib/libsoc_non_os.a(AmbaCSL_L2CC.o)
 .ARM.attributes
                0x00000278       0x3d /home/bingo/RD_A12/release_rtos/vendors/ambarella/lib/libsoc_non_os.a(AmbaCSL_NAND.o)
 .ARM.attributes
                0x000002b5       0x3d /home/bingo/RD_A12/release_rtos/vendors/ambarella/lib/libsoc_non_os.a(AmbaCSL_PLL.o)
 .ARM.attributes
                0x000002f2       0x3d /home/bingo/RD_A12/release_rtos/vendors/ambarella/lib/libsoc_non_os.a(AmbaCSL_PWC.o)
 .ARM.attributes
                0x0000032f       0x3d /home/bingo/RD_A12/release_rtos/vendors/ambarella/lib/libsoc_non_os.a(AmbaCSL_RCT.o)
 .ARM.attributes
                0x0000036c       0x3d /home/bingo/RD_A12/release_rtos/vendors/ambarella/lib/libsoc_non_os.a(AmbaCSL_RTC.o)
 .ARM.attributes
                0x000003a9       0x3d /home/bingo/RD_A12/release_rtos/vendors/ambarella/lib/libsoc_non_os.a(AmbaCSL_Timer.o)
 .ARM.attributes
                0x000003e6       0x3d /home/bingo/RD_A12/release_rtos/vendors/ambarella/lib/libsoc_non_os.a(AmbaCSL_UART.o)
 .ARM.attributes
                0x00000423       0x3d /home/bingo/RD_A12/release_rtos/vendors/ambarella/lib/libsoc_non_os.a(AmbaCSL_VIC.o)
 .ARM.attributes
                0x00000460       0x3d /home/bingo/RD_A12/release_rtos/vendors/ambarella/lib/libsoc_non_os.a(AmbaRTSL_DMA.o)
 .ARM.attributes
                0x0000049d       0x3d /home/bingo/RD_A12/release_rtos/vendors/ambarella/lib/libsoc_non_os.a(AmbaRTSL_FIO.o)
 .ARM.attributes
                0x000004da       0x3d /home/bingo/RD_A12/release_rtos/vendors/ambarella/lib/libsoc_non_os.a(AmbaRTSL_GPIO.o)
 .ARM.attributes
                0x00000517       0x3d /home/bingo/RD_A12/release_rtos/vendors/ambarella/lib/libsoc_non_os.a(AmbaRTSL_I2S.o)
 .ARM.attributes
                0x00000554       0x3d /home/bingo/RD_A12/release_rtos/vendors/ambarella/lib/libsoc_non_os.a(AmbaRTSL_MMU.o)
 .ARM.attributes
                0x00000591       0x3d /home/bingo/RD_A12/release_rtos/vendors/ambarella/lib/libsoc_non_os.a(AmbaRTSL_NAND.o)
 .ARM.attributes
                0x000005ce       0x3d /home/bingo/RD_A12/release_rtos/vendors/ambarella/lib/libsoc_non_os.a(AmbaRTSL_PLL.o)
 .ARM.attributes
                0x0000060b       0x3d /home/bingo/RD_A12/release_rtos/vendors/ambarella/lib/libsoc_non_os.a(AmbaRTSL_PLL_CoeffTable.o)
 .ARM.attributes
                0x00000648       0x3d /home/bingo/RD_A12/release_rtos/vendors/ambarella/lib/libsoc_non_os.a(AmbaRTSL_PLL_OpModeCtrl.o)
 .ARM.attributes
                0x00000685       0x3d /home/bingo/RD_A12/release_rtos/vendors/ambarella/lib/libsoc_non_os.a(AmbaRTSL_PLL_SetClkFreq.o)
 .ARM.attributes
                0x000006c2       0x3d /home/bingo/RD_A12/release_rtos/vendors/ambarella/lib/libsoc_non_os.a(AmbaRTSL_VIC.o)
 .ARM.attributes
                0x000006ff       0x3d /home/bingo/RD_A12/release_rtos/vendors/ambarella/lib/libsoc_non_os.a(AmbaRTSL_Cache.o)
 .ARM.attributes
                0x0000073c       0x3d /home/bingo/RD_A12/release_rtos/vendors/ambarella/lib/libsoc_non_os.a(AmbaNonOS_NAND.o)
 .ARM.attributes
                0x00000779       0x3d /home/bingo/RD_A12/release_rtos/vendors/ambarella/lib/libsoc_non_os.a(AmbaNonOS_TIMER.o)
 .ARM.attributes
                0x000007b6       0x3d /home/bingo/RD_A12/release_rtos/vendors/ambarella/lib/libsoc_non_os.a(AmbaNonOS_UART.o)
 .ARM.attributes
                0x000007f3       0x3d /home/bingo/RD_A12/release_rtos/vendors/ambarella/lib/libsoc_non_os.a(AmbaNonOS_NandBBT.o)
 .ARM.attributes
                0x00000830       0x3d /home/bingo/RD_A12/release_rtos/vendors/ambarella/lib/libsoc_non_os.a(AmbaNonOS_NandDiag.o)
 .ARM.attributes
                0x0000086d       0x3d /home/bingo/RD_A12/release_rtos/vendors/ambarella/lib/libsoc_non_os.a(AmbaFWPROG.o)
 .ARM.attributes
                0x000008aa       0x29 /home/bingo/RD_A12/release_rtos/vendors/ambarella/lib/libsoc_non_os.a(AmbaBootlooder.o)
 .ARM.attributes
                0x000008d3       0x3d /home/bingo/RD_A12/release_rtos/output/lib/libamboot_bld.a(AmbaNonOS_Shell.o)
 .ARM.attributes
                0x00000910       0x3d /home/bingo/RD_A12/release_rtos/output/lib/libperipheral.a(AmbaNAND_S34ML04G1.o)
 .ARM.attributes
                0x0000094d       0x2d /usr/local/gcc-arm-none-eabi-4_9-2015q1/arm-none-eabi/lib/armv7-ar/thumb/fpu/libc.a(lib_a-atoi.o)
 .ARM.attributes
                0x0000097a       0x2d /usr/local/gcc-arm-none-eabi-4_9-2015q1/arm-none-eabi/lib/armv7-ar/thumb/fpu/libc.a(lib_a-ctype_.o)
 .ARM.attributes
                0x000009a7       0x2d /usr/local/gcc-arm-none-eabi-4_9-2015q1/arm-none-eabi/lib/armv7-ar/thumb/fpu/libc.a(lib_a-memcmp.o)
 .ARM.attributes
                0x000009d4       0x2d /usr/local/gcc-arm-none-eabi-4_9-2015q1/arm-none-eabi/lib/armv7-ar/thumb/fpu/libc.a(lib_a-memcpy.o)
 .ARM.attributes
                0x00000a01       0x2d /usr/local/gcc-arm-none-eabi-4_9-2015q1/arm-none-eabi/lib/armv7-ar/thumb/fpu/libc.a(lib_a-memmove.o)
 .ARM.attributes
                0x00000a2e       0x2d /usr/local/gcc-arm-none-eabi-4_9-2015q1/arm-none-eabi/lib/armv7-ar/thumb/fpu/libc.a(lib_a-memset.o)
 .ARM.attributes
                0x00000a5b       0x2d /usr/local/gcc-arm-none-eabi-4_9-2015q1/arm-none-eabi/lib/armv7-ar/thumb/fpu/libc.a(lib_a-rand.o)
 .ARM.attributes
                0x00000a88       0x2d /usr/local/gcc-arm-none-eabi-4_9-2015q1/arm-none-eabi/lib/armv7-ar/thumb/fpu/libc.a(lib_a-sprintf.o)
 .ARM.attributes
                0x00000ab5       0x2d /usr/local/gcc-arm-none-eabi-4_9-2015q1/arm-none-eabi/lib/armv7-ar/thumb/fpu/libc.a(lib_a-sscanf.o)
 .ARM.attributes
                0x00000ae2       0x2d /usr/local/gcc-arm-none-eabi-4_9-2015q1/arm-none-eabi/lib/armv7-ar/thumb/fpu/libc.a(lib_a-stdio.o)
 .ARM.attributes
                0x00000b0f       0x19 /usr/local/gcc-arm-none-eabi-4_9-2015q1/arm-none-eabi/lib/armv7-ar/thumb/fpu/libc.a(lib_a-strcmp.o)
 .ARM.attributes
                0x00000b28       0x2d /usr/local/gcc-arm-none-eabi-4_9-2015q1/arm-none-eabi/lib/armv7-ar/thumb/fpu/libc.a(lib_a-strlen.o)
 .ARM.attributes
                0x00000b55       0x2d /usr/local/gcc-arm-none-eabi-4_9-2015q1/arm-none-eabi/lib/armv7-ar/thumb/fpu/libc.a(lib_a-strncmp.o)
 .ARM.attributes
                0x00000b82       0x2d /usr/local/gcc-arm-none-eabi-4_9-2015q1/arm-none-eabi/lib/armv7-ar/thumb/fpu/libc.a(lib_a-strncpy.o)
 .ARM.attributes
                0x00000baf       0x2d /usr/local/gcc-arm-none-eabi-4_9-2015q1/arm-none-eabi/lib/armv7-ar/thumb/fpu/libc.a(lib_a-strtol.o)
 .ARM.attributes
                0x00000bdc       0x2d /usr/local/gcc-arm-none-eabi-4_9-2015q1/arm-none-eabi/lib/armv7-ar/thumb/fpu/libc.a(lib_a-strtoul.o)
 .ARM.attributes
                0x00000c09       0x2d /usr/local/gcc-arm-none-eabi-4_9-2015q1/arm-none-eabi/lib/armv7-ar/thumb/fpu/libc.a(lib_a-svfprintf.o)
 .ARM.attributes
                0x00000c36       0x2d /usr/local/gcc-arm-none-eabi-4_9-2015q1/arm-none-eabi/lib/armv7-ar/thumb/fpu/libc.a(lib_a-svfscanf.o)
 .ARM.attributes
                0x00000c63       0x2d /usr/local/gcc-arm-none-eabi-4_9-2015q1/arm-none-eabi/lib/armv7-ar/thumb/fpu/libc.a(lib_a-dtoa.o)
 .ARM.attributes
                0x00000c90       0x2d /usr/local/gcc-arm-none-eabi-4_9-2015q1/arm-none-eabi/lib/armv7-ar/thumb/fpu/libc.a(lib_a-impure.o)
 .ARM.attributes
                0x00000cbd       0x2d /usr/local/gcc-arm-none-eabi-4_9-2015q1/arm-none-eabi/lib/armv7-ar/thumb/fpu/libc.a(lib_a-iswspace.o)
 .ARM.attributes
                0x00000cea       0x2d /usr/local/gcc-arm-none-eabi-4_9-2015q1/arm-none-eabi/lib/armv7-ar/thumb/fpu/libc.a(lib_a-locale.o)
 .ARM.attributes
                0x00000d17       0x2d /usr/local/gcc-arm-none-eabi-4_9-2015q1/arm-none-eabi/lib/armv7-ar/thumb/fpu/libc.a(lib_a-mallocr.o)
 .ARM.attributes
                0x00000d44       0x2d /usr/local/gcc-arm-none-eabi-4_9-2015q1/arm-none-eabi/lib/armv7-ar/thumb/fpu/libc.a(lib_a-mbrtowc.o)
 .ARM.attributes
                0x00000d71       0x2d /usr/local/gcc-arm-none-eabi-4_9-2015q1/arm-none-eabi/lib/armv7-ar/thumb/fpu/libc.a(lib_a-mbtowc_r.o)
 .ARM.attributes
                0x00000d9e       0x2d /usr/local/gcc-arm-none-eabi-4_9-2015q1/arm-none-eabi/lib/armv7-ar/thumb/fpu/libc.a(lib_a-memchr.o)
 .ARM.attributes
                0x00000dcb       0x2d /usr/local/gcc-arm-none-eabi-4_9-2015q1/arm-none-eabi/lib/armv7-ar/thumb/fpu/libc.a(lib_a-mlock.o)
 .ARM.attributes
                0x00000df8       0x2d /usr/local/gcc-arm-none-eabi-4_9-2015q1/arm-none-eabi/lib/armv7-ar/thumb/fpu/libc.a(lib_a-mprec.o)
 .ARM.attributes
                0x00000e25       0x2d /usr/local/gcc-arm-none-eabi-4_9-2015q1/arm-none-eabi/lib/armv7-ar/thumb/fpu/libc.a(lib_a-reent.o)
 .ARM.attributes
                0x00000e52       0x2d /usr/local/gcc-arm-none-eabi-4_9-2015q1/arm-none-eabi/lib/armv7-ar/thumb/fpu/libc.a(lib_a-s_fpclassify.o)
 .ARM.attributes
                0x00000e7f       0x2d /usr/local/gcc-arm-none-eabi-4_9-2015q1/arm-none-eabi/lib/armv7-ar/thumb/fpu/libc.a(lib_a-sbrkr.o)
 .ARM.attributes
                0x00000eac       0x2d /usr/local/gcc-arm-none-eabi-4_9-2015q1/arm-none-eabi/lib/armv7-ar/thumb/fpu/libc.a(lib_a-sccl.o)
 .ARM.attributes
                0x00000ed9       0x2d /usr/local/gcc-arm-none-eabi-4_9-2015q1/arm-none-eabi/lib/armv7-ar/thumb/fpu/libc.a(lib_a-sf_nan.o)
 .ARM.attributes
                0x00000f06       0x2d /usr/local/gcc-arm-none-eabi-4_9-2015q1/arm-none-eabi/lib/armv7-ar/thumb/fpu/libc.a(lib_a-strtod.o)
 .ARM.attributes
                0x00000f33       0x2d /usr/local/gcc-arm-none-eabi-4_9-2015q1/arm-none-eabi/lib/armv7-ar/thumb/fpu/libc.a(lib_a-strtoll_r.o)
 .ARM.attributes
                0x00000f60       0x2d /usr/local/gcc-arm-none-eabi-4_9-2015q1/arm-none-eabi/lib/armv7-ar/thumb/fpu/libc.a(lib_a-strtoull_r.o)
 .ARM.attributes
                0x00000f8d       0x2d /usr/local/gcc-arm-none-eabi-4_9-2015q1/arm-none-eabi/lib/armv7-ar/thumb/fpu/libc.a(lib_a-svfiprintf.o)
 .ARM.attributes
                0x00000fba       0x2d /usr/local/gcc-arm-none-eabi-4_9-2015q1/arm-none-eabi/lib/armv7-ar/thumb/fpu/libc.a(lib_a-svfiscanf.o)
 .ARM.attributes
                0x00000fe7       0x2d /usr/local/gcc-arm-none-eabi-4_9-2015q1/arm-none-eabi/lib/armv7-ar/thumb/fpu/libc.a(lib_a-ungetc.o)
 .ARM.attributes
                0x00001014       0x2d /usr/local/gcc-arm-none-eabi-4_9-2015q1/arm-none-eabi/lib/armv7-ar/thumb/fpu/libc.a(lib_a-callocr.o)
 .ARM.attributes
                0x00001041       0x2d /usr/local/gcc-arm-none-eabi-4_9-2015q1/arm-none-eabi/lib/armv7-ar/thumb/fpu/libc.a(lib_a-freer.o)
 .ARM.attributes
                0x0000106e       0x2d /usr/local/gcc-arm-none-eabi-4_9-2015q1/arm-none-eabi/lib/armv7-ar/thumb/fpu/libc.a(lib_a-gdtoa-gethex.o)
 .ARM.attributes
                0x0000109b       0x2d /usr/local/gcc-arm-none-eabi-4_9-2015q1/arm-none-eabi/lib/armv7-ar/thumb/fpu/libc.a(lib_a-gdtoa-hexnan.o)
 .ARM.attributes
                0x000010c8       0x2d /usr/local/gcc-arm-none-eabi-4_9-2015q1/arm-none-eabi/lib/armv7-ar/thumb/fpu/libc.a(lib_a-reallocr.o)
 .ARM.attributes
                0x000010f5       0x2d /usr/local/gcc-arm-none-eabi-4_9-2015q1/arm-none-eabi/lib/armv7-ar/thumb/fpu/libnosys.a(sbrk.o)
 .ARM.attributes
                0x00001122       0x1b /usr/local/gcc-arm-none-eabi-4_9-2015q1/lib/gcc/arm-none-eabi/4.9.3/armv7-ar/thumb/fpu/libgcc.a(_udivsi3.o)
 .ARM.attributes
                0x0000113d       0x1b /usr/local/gcc-arm-none-eabi-4_9-2015q1/lib/gcc/arm-none-eabi/4.9.3/armv7-ar/thumb/fpu/libgcc.a(_divsi3.o)
 .ARM.attributes
                0x00001158       0x1b /usr/local/gcc-arm-none-eabi-4_9-2015q1/lib/gcc/arm-none-eabi/4.9.3/armv7-ar/thumb/fpu/libgcc.a(_dvmd_tls.o)
 .ARM.attributes
                0x00001173       0x1b /usr/local/gcc-arm-none-eabi-4_9-2015q1/lib/gcc/arm-none-eabi/4.9.3/armv7-ar/thumb/fpu/libgcc.a(_aeabi_uldivmod.o)
 .ARM.attributes
                0x0000118e       0x2d /usr/local/gcc-arm-none-eabi-4_9-2015q1/lib/gcc/arm-none-eabi/4.9.3/armv7-ar/thumb/fpu/libgcc.a(bpabi.o)
 .ARM.attributes
                0x000011bb       0x2d /usr/local/gcc-arm-none-eabi-4_9-2015q1/lib/gcc/arm-none-eabi/4.9.3/armv7-ar/thumb/fpu/libgcc.a(_divdi3.o)
 .ARM.attributes
                0x000011e8       0x2d /usr/local/gcc-arm-none-eabi-4_9-2015q1/lib/gcc/arm-none-eabi/4.9.3/armv7-ar/thumb/fpu/libgcc.a(_udivdi3.o)
 .ARM.attributes
                0x00001215       0x3d /home/bingo/RD_A12/release_rtos/output/bsp/dragonfly/bsp.o

.comment        0x00000000       0x70
 .comment       0x00000000       0x70 /home/bingo/RD_A12/release_rtos/vendors/ambarella/lib/libsoc_bld.a(AmbaBootloaderNAND.o)
                                 0x71 (size before relaxing)
 .comment       0x00000000       0x71 /home/bingo/RD_A12/release_rtos/vendors/ambarella/lib/libsoc_bld.a(AmbaMmuBldCtrl.o)
 .comment       0x00000000       0x71 /home/bingo/RD_A12/release_rtos/vendors/ambarella/lib/libsoc_non_os.a(AmbaCSL_DMA.o)
 .comment       0x00000000       0x71 /home/bingo/RD_A12/release_rtos/vendors/ambarella/lib/libsoc_non_os.a(AmbaCSL_FIO.o)
 .comment       0x00000000       0x71 /home/bingo/RD_A12/release_rtos/vendors/ambarella/lib/libsoc_non_os.a(AmbaCSL_GPIO.o)
 .comment       0x00000000       0x71 /home/bingo/RD_A12/release_rtos/vendors/ambarella/lib/libsoc_non_os.a(AmbaCSL_I2S.o)
 .comment       0x00000000       0x71 /home/bingo/RD_A12/release_rtos/vendors/ambarella/lib/libsoc_non_os.a(AmbaCSL_L2CC.o)
 .comment       0x00000000       0x71 /home/bingo/RD_A12/release_rtos/vendors/ambarella/lib/libsoc_non_os.a(AmbaCSL_NAND.o)
 .comment       0x00000000       0x71 /home/bingo/RD_A12/release_rtos/vendors/ambarella/lib/libsoc_non_os.a(AmbaCSL_PLL.o)
 .comment       0x00000000       0x71 /home/bingo/RD_A12/release_rtos/vendors/ambarella/lib/libsoc_non_os.a(AmbaCSL_PWC.o)
 .comment       0x00000000       0x71 /home/bingo/RD_A12/release_rtos/vendors/ambarella/lib/libsoc_non_os.a(AmbaCSL_RCT.o)
 .comment       0x00000000       0x71 /home/bingo/RD_A12/release_rtos/vendors/ambarella/lib/libsoc_non_os.a(AmbaCSL_RTC.o)
 .comment       0x00000000       0x71 /home/bingo/RD_A12/release_rtos/vendors/ambarella/lib/libsoc_non_os.a(AmbaCSL_Timer.o)
 .comment       0x00000000       0x71 /home/bingo/RD_A12/release_rtos/vendors/ambarella/lib/libsoc_non_os.a(AmbaCSL_UART.o)
 .comment       0x00000000       0x71 /home/bingo/RD_A12/release_rtos/vendors/ambarella/lib/libsoc_non_os.a(AmbaCSL_VIC.o)
 .comment       0x00000000       0x71 /home/bingo/RD_A12/release_rtos/vendors/ambarella/lib/libsoc_non_os.a(AmbaRTSL_DMA.o)
 .comment       0x00000000       0x71 /home/bingo/RD_A12/release_rtos/vendors/ambarella/lib/libsoc_non_os.a(AmbaRTSL_FIO.o)
 .comment       0x00000000       0x71 /home/bingo/RD_A12/release_rtos/vendors/ambarella/lib/libsoc_non_os.a(AmbaRTSL_GPIO.o)
 .comment       0x00000000       0x71 /home/bingo/RD_A12/release_rtos/vendors/ambarella/lib/libsoc_non_os.a(AmbaRTSL_I2S.o)
 .comment       0x00000000       0x71 /home/bingo/RD_A12/release_rtos/vendors/ambarella/lib/libsoc_non_os.a(AmbaRTSL_MMU.o)
 .comment       0x00000000       0x71 /home/bingo/RD_A12/release_rtos/vendors/ambarella/lib/libsoc_non_os.a(AmbaRTSL_NAND.o)